Component: ARM Compiler 5.06 update 7 (build 960) Tool: armlink [4d3601]

==============================================================================

Section Cross References

    system_stm32f10x.o(.text) refers to system_stm32f10x.o(.data) for SystemCoreClock
    minibalance.o(.text) refers to _printf_percent.o(.ARM.Collect$$_printf_percent$$00000000) for _printf_percent
    minibalance.o(.text) refers to _printf_f.o(.ARM.Collect$$_printf_percent$$00000003) for _printf_f
    minibalance.o(.text) refers to printf1.o(x$fpl$printf1) for _printf_fp_dec
    minibalance.o(.text) refers to _printf_d.o(.ARM.Collect$$_printf_percent$$00000009) for _printf_d
    minibalance.o(.text) refers to _printf_dec.o(.text) for _printf_int_dec
    minibalance.o(.text) refers to sys.o(.text) for Stm32_Clock_Init
    minibalance.o(.text) refers to delay.o(.text) for delay_init
    minibalance.o(.text) refers to led.o(.text) for LED_Init
    minibalance.o(.text) refers to key.o(.text) for KEY_Init
    minibalance.o(.text) refers to oled.o(.text) for OLED_Init
    minibalance.o(.text) refers to usart.o(.text) for uart_init
    minibalance.o(.text) refers to motor.o(.text) for TIM5_PWM_Init
    minibalance.o(.text) refers to encoder.o(.text) for Encoder_Init_TIM3
    minibalance.o(.text) refers to ioi2c.o(.text) for IIC_Init
    minibalance.o(.text) refers to mpu6050.o(.text) for MPU6050_initialize
    minibalance.o(.text) refers to exti.o(.text) for MiniBalance_EXTI_Init
    minibalance.o(.text) refers to hc06.o(.text) for HC06_Init
    minibalance.o(.text) refers to f2d.o(x$fpl$f2d) for __aeabi_f2d
    minibalance.o(.text) refers to noretval__2sprintf.o(.text) for __2sprintf
    minibalance.o(.text) refers to noretval__2printf.o(.text) for __2printf
    minibalance.o(.text) refers to minibalance.o(.data) for Angle_Balance
    startup_stm32f10x_md.o(STACK) refers (Special) to heapauxi.o(.text) for __use_two_region_memory
    startup_stm32f10x_md.o(HEAP) refers (Special) to heapauxi.o(.text) for __use_two_region_memory
    startup_stm32f10x_md.o(RESET) refers (Special) to heapauxi.o(.text) for __use_two_region_memory
    startup_stm32f10x_md.o(RESET) refers to startup_stm32f10x_md.o(STACK) for __initial_sp
    startup_stm32f10x_md.o(RESET) refers to startup_stm32f10x_md.o(.text) for Reset_Handler
    startup_stm32f10x_md.o(RESET) refers to stm32f10x_it.o(.text) for NMI_Handler
    startup_stm32f10x_md.o(RESET) refers to control.o(.text) for EXTI9_5_IRQHandler
    startup_stm32f10x_md.o(RESET) refers to encoder.o(.text) for TIM3_IRQHandler
    startup_stm32f10x_md.o(RESET) refers to hc06.o(.text) for USART3_IRQHandler
    startup_stm32f10x_md.o(.text) refers (Special) to heapauxi.o(.text) for __use_two_region_memory
    startup_stm32f10x_md.o(.text) refers to system_stm32f10x.o(.text) for SystemInit
    startup_stm32f10x_md.o(.text) refers to __main.o(!!!main) for __main
    startup_stm32f10x_md.o(.text) refers to startup_stm32f10x_md.o(HEAP) for Heap_Mem
    startup_stm32f10x_md.o(.text) refers to startup_stm32f10x_md.o(STACK) for Stack_Mem
    stm32f10x_adc.o(.text) refers to stm32f10x_rcc.o(.text) for RCC_APB2PeriphResetCmd
    stm32f10x_bkp.o(.text) refers to stm32f10x_rcc.o(.text) for RCC_BackupResetCmd
    stm32f10x_can.o(.text) refers to stm32f10x_rcc.o(.text) for RCC_APB1PeriphResetCmd
    stm32f10x_cec.o(.text) refers to stm32f10x_rcc.o(.text) for RCC_APB1PeriphResetCmd
    stm32f10x_dac.o(.text) refers to stm32f10x_rcc.o(.text) for RCC_APB1PeriphResetCmd
    stm32f10x_gpio.o(.text) refers to stm32f10x_rcc.o(.text) for RCC_APB2PeriphResetCmd
    stm32f10x_i2c.o(.text) refers to stm32f10x_rcc.o(.text) for RCC_APB1PeriphResetCmd
    stm32f10x_pwr.o(.text) refers to stm32f10x_rcc.o(.text) for RCC_APB1PeriphResetCmd
    stm32f10x_rcc.o(.text) refers to stm32f10x_rcc.o(.data) for APBAHBPrescTable
    stm32f10x_spi.o(.text) refers to stm32f10x_rcc.o(.text) for RCC_APB2PeriphResetCmd
    stm32f10x_tim.o(.text) refers to stm32f10x_rcc.o(.text) for RCC_APB2PeriphResetCmd
    stm32f10x_usart.o(.text) refers to stm32f10x_rcc.o(.text) for RCC_APB2PeriphResetCmd
    stm32f10x_wwdg.o(.text) refers to stm32f10x_rcc.o(.text) for RCC_APB1PeriphResetCmd
    delay.o(.text) refers to misc.o(.text) for SysTick_CLKSourceConfig
    delay.o(.text) refers to system_stm32f10x.o(.data) for SystemCoreClock
    delay.o(.text) refers to delay.o(.data) for fac_us
    sys.o(.text) refers to sys.o(.emb_text) for WFI_SET
    usart.o(.text) refers (Special) to use_no_semi_2.o(.text) for __use_no_semihosting
    usart.o(.text) refers to stm32f10x_rcc.o(.text) for RCC_APB2PeriphClockCmd
    usart.o(.text) refers to stm32f10x_gpio.o(.text) for GPIO_Init
    usart.o(.text) refers to misc.o(.text) for NVIC_Init
    usart.o(.text) refers to stm32f10x_usart.o(.text) for USART_Init
    usart.o(.data) refers (Special) to use_no_semi_2.o(.text) for __use_no_semihosting
[...]
    __rt_lib_init_lc_common                  0x080001b3   Thumb Code     0  libinit2.o(.ARM.Collect$$libinit$$0000000F)
    __rt_lib_init_preinit_1                  0x080001b3   Thumb Code     0  libinit2.o(.ARM.Collect$$libinit$$00000004)
    __rt_lib_init_rand_1                     0x080001b3   Thumb Code     0  libinit2.o(.ARM.Collect$$libinit$$0000000E)
    __rt_lib_init_user_alloc_1               0x080001b3   Thumb Code     0  libinit2.o(.ARM.Collect$$libinit$$0000000C)
    __rt_lib_init_lc_collate_1               0x080001b9   Thumb Code     0  libinit2.o(.ARM.Collect$$libinit$$00000011)
    __rt_lib_init_lc_ctype_1                 0x080001b9   Thumb Code     0  libinit2.o(.ARM.Collect$$libinit$$00000013)
    __rt_lib_init_lc_monetary_1              0x080001b9   Thumb Code     0  libinit2.o(.ARM.Collect$$libinit$$00000015)
    __rt_lib_init_lc_numeric_2               0x080001b9   Thumb Code     0  libinit2.o(.ARM.Collect$$libinit$$00000016)
    __rt_lib_init_alloca_1                   0x080001c3   Thumb Code     0  libinit2.o(.ARM.Collect$$libinit$$0000002E)
    __rt_lib_init_argv_1                     0x080001c3   Thumb Code     0  libinit2.o(.ARM.Collect$$libinit$$0000002C)
    __rt_lib_init_atexit_1                   0x080001c3   Thumb Code     0  libinit2.o(.ARM.Collect$$libinit$$0000001B)
    __rt_lib_init_clock_1                    0x080001c3   Thumb Code     0  libinit2.o(.ARM.Collect$$libinit$$00000021)
    __rt_lib_init_cpp_1                      0x080001c3   Thumb Code     0  libinit2.o(.ARM.Collect$$libinit$$00000032)
    __rt_lib_init_exceptions_1               0x080001c3   Thumb Code     0  libinit2.o(.ARM.Collect$$libinit$$00000030)
    __rt_lib_init_fp_trap_1                  0x080001c3   Thumb Code     0  libinit2.o(.ARM.Collect$$libinit$$0000001F)
    __rt_lib_init_getenv_1                   0x080001c3   Thumb Code     0  libinit2.o(.ARM.Collect$$libinit$$00000023)
    __rt_lib_init_lc_numeric_1               0x080001c3   Thumb Code     0  libinit2.o(.ARM.Collect$$libinit$$00000017)
    __rt_lib_init_lc_time_1                  0x080001c3   Thumb Code     0  libinit2.o(.ARM.Collect$$libinit$$00000019)
    __rt_lib_init_return                     0x080001c3   Thumb Code     0  libinit2.o(.ARM.Collect$$libinit$$00000033)
    __rt_lib_init_signal_1                   0x080001c3   Thumb Code     0  libinit2.o(.ARM.Collect$$libinit$$0000001D)
    __rt_lib_init_stdio_1                    0x080001c3   Thumb Code     0  libinit2.o(.ARM.Collect$$libinit$$00000025)
    __rt_lib_shutdown                        0x080001c5   Thumb Code     0  libshutdown.o(.ARM.Collect$$libshutdown$$00000000)
    __rt_lib_shutdown_cpp_1                  0x080001c7   Thumb Code     0  libshutdown2.o(.ARM.Collect$$libshutdown$$00000004)
    __rt_lib_shutdown_fini_1                 0x080001c7   Thumb Code     0  libshutdown2.o(.ARM.Collect$$libshutdown$$00000002)
    __rt_lib_shutdown_fp_trap_1              0x080001c7   Thumb Code     0  libshutdown2.o(.ARM.Collect$$libshutdown$$00000009)
    __rt_lib_shutdown_heap_1                 0x080001c7   Thumb Code     0  libshutdown2.o(.ARM.Collect$$libshutdown$$00000011)
    __rt_lib_shutdown_return                 0x080001c7   Thumb Code     0  libshutdown2.o(.ARM.Collect$$libshutdown$$00000012)
    __rt_lib_shutdown_signal_1               0x080001c7   Thumb Code     0  libshutdown2.o(.ARM.Collect$$libshutdown$$0000000C)
    __rt_lib_shutdown_stdio_1                0x080001c7   Thumb Code     0  libshutdown2.o(.ARM.Collect$$libshutdown$$00000006)
    __rt_lib_shutdown_user_alloc_1           0x080001c7   Thumb Code     0  libshutdown2.o(.ARM.Collect$$libshutdown$$0000000E)
    __rt_entry                               0x080001c9   Thumb Code     0  __rtentry.o(.ARM.Collect$$rtentry$$00000000)
    __rt_entry_presh_1                       0x080001c9   Thumb Code     0  __rtentry2.o(.ARM.Collect$$rtentry$$00000002)
    __rt_entry_sh                            0x080001c9   Thumb Code     0  __rtentry4.o(.ARM.Collect$$rtentry$$00000004)
    __rt_entry_li                            0x080001cf   Thumb Code     0  __rtentry2.o(.ARM.Collect$$rtentry$$0000000A)
    __rt_entry_postsh_1                      0x080001cf   Thumb Code     0  __rtentry2.o(.ARM.Collect$$rtentry$$00000009)
    __rt_entry_main                          0x080001d3   Thumb Code     0  __rtentry2.o(.ARM.Collect$$rtentry$$0000000D)
    __rt_entry_postli_1                      0x080001d3   Thumb Code     0  __rtentry2.o(.ARM.Collect$$rtentry$$0000000C)
    __rt_exit                                0x080001db   Thumb Code     0  rtexit.o(.ARM.Collect$$rtexit$$00000000)
    __rt_exit_ls                             0x080001dd   Thumb Code     0  rtexit2.o(.ARM.Collect$$rtexit$$00000003)
    __rt_exit_prels_1                        0x080001dd   Thumb Code     0  rtexit2.o(.ARM.Collect$$rtexit$$00000002)
    __rt_exit_exit                           0x080001e1   Thumb Code     0  rtexit2.o(.ARM.Collect$$rtexit$$00000004)
    WFI_SET                                  0x080001e9   Thumb Code     2  sys.o(.emb_text)
    INTX_DISABLE                             0x080001eb   Thumb Code     2  sys.o(.emb_text)
    INTX_ENABLE                              0x080001ed   Thumb Code     2  sys.o(.emb_text)
    MSR_MSP                                  0x080001ef   Thumb Code     6  sys.o(.emb_text)
    NMI_Handler                              0x080001f5   Thumb Code     2  stm32f10x_it.o(.text)
    HardFault_Handler                        0x080001f7   Thumb Code     4  stm32f10x_it.o(.text)
    MemManage_Handler                        0x080001fb   Thumb Code     4  stm32f10x_it.o(.text)
    BusFault_Handler                         0x080001ff   Thumb Code     4  stm32f10x_it.o(.text)
    UsageFault_Handler                       0x08000203   Thumb Code     4  stm32f10x_it.o(.text)
    SVC_Handler                              0x08000207   Thumb Code     2  stm32f10x_it.o(.text)
    DebugMon_Handler                         0x08000209   Thumb Code     2  stm32f10x_it.o(.text)
    PendSV_Handler                           0x0800020b   Thumb Code     2  stm32f10x_it.o(.text)
    SysTick_Handler                          0x0800020d   Thumb Code     2  stm32f10x_it.o(.text)
    SystemInit                               0x080002ef   Thumb Code    78  system_stm32f10x.o(.text)
    SystemCoreClockUpdate                    0x0800033d   Thumb Code   142  system_stm32f10x.o(.text)
    main                                     0x080003f1   Thumb Code   490  minibalance.o(.text)
    Reset_Handler                            0x080006ed   Thumb Code     8  startup_stm32f10x_md.o(.text)
    ADC1_2_IRQHandler                        0x08000707   Thumb Code     0  startup_stm32f10x_md.o(.text)
    CAN1_RX1_IRQHandler                      0x08000707   Thumb Code     0  startup_stm32f10x_md.o(.text)
    CAN1_SCE_IRQHandler                      0x08000707   Thumb Code     0  startup_stm32f10x_md.o(.text)
    DMA1_Channel1_IRQHandler                 0x08000707   Thumb Code     0  startup_stm32f10x_md.o(.text)
    DMA1_Channel2_IRQHandler                 0x08000707   Thumb Code     0  startup_stm32f10x_md.o(.text)
    DMA1_Channel3_IRQHandler                 0x08000707   Thumb Code     0  startup_stm32f10x_md.o(.text)
    DMA1_Channel4_IRQHandler                 0x08000707   Thumb Code     0  startup_stm32f10x_md.o(.text)
    DMA1_Channel5_IRQHandler                 0x08000707   Thumb Code     0  startup_stm32f10x_md.o(.text)
    DMA1_Channel6_IRQHandler                 0x08000707   Thumb Code     0  startup_stm32f10x_md.o(.text)
    DMA1_Channel7_IRQHandler                 0x08000707   Thumb Code     0  startup_stm32f10x_md.o(.text)
    EXTI0_IRQHandler                         0x08000707   Thumb Code     0  startup_stm32f10x_md.o(.text)
    EXTI15_10_IRQHandler                     0x08000707   Thumb Code     0  startup_stm32f10x_md.o(.text)
    EXTI1_IRQHandler                         0x08000707   Thumb Code     0  startup_stm32f10x_md.o(.text)
    EXTI2_IRQHandler                         0x08000707   Thumb Code     0  startup_stm32f10x_md.o(.text)
    EXTI3_IRQHandler                         0x08000707   Thumb Code     0  startup_stm32f10x_md.o(.text)
    EXTI4_IRQHandler                         0x08000707   Thumb Code     0  startup_stm32f10x_md.o(.text)
    FLASH_IRQHandler                         0x08000707   Thumb Code     0  startup_stm32f10x_md.o(.text)
    I2C1_ER_IRQHandler                       0x08000707   Thumb Code     0  startup_stm32f10x_md.o(.text)
    I2C1_EV_IRQHandler                       0x08000707   Thumb Code     0  startup_stm32f10x_md.o(.text)
    I2C2_ER_IRQHandler                       0x08000707   Thumb Code     0  startup_stm32f10x_md.o(.text)
    I2C2_EV_IRQHandler                       0x08000707   Thumb Code     0  startup_stm32f10x_md.o(.text)
    PVD_IRQHandler                           0x08000707   Thumb Code     0  startup_stm32f10x_md.o(.text)
    RCC_IRQHandler                           0x08000707   Thumb Code     0  startup_stm32f10x_md.o(.text)
    RTCAlarm_IRQHandler                      0x08000707   Thumb Code     0  startup_stm32f10x_md.o(.text)
    RTC_IRQHandler                           0x08000707   Thumb Code     0  startup_stm32f10x_md.o(.text)
    SPI1_IRQHandler                          0x08000707   Thumb Code     0  startup_stm32f10x_md.o(.text)
    SPI2_IRQHandler                          0x08000707   Thumb Code     0  startup_stm32f10x_md.o(.text)
    TAMPER_IRQHandler                        0x08000707   Thumb Code     0  startup_stm32f10x_md.o(.text)
    TIM1_BRK_IRQHandler                      0x08000707   Thumb Code     0  startup_stm32f10x_md.o(.text)
    TIM1_CC_IRQHandler                       0x08000707   Thumb Code     0  startup_stm32f10x_md.o(.text)
    TIM1_TRG_COM_IRQHandler                  0x08000707   Thumb Code     0  startup_stm32f10x_md.o(.text)
    TIM1_UP_IRQHandler                       0x08000707   Thumb Code     0  startup_stm32f10x_md.o(.text)
    TIM2_IRQHandler                          0x08000707   Thumb Code     0  startup_stm32f10x_md.o(.text)
    USART1_IRQHandler                        0x08000707   Thumb Code     0  startup_stm32f10x_md.o(.text)
    USART2_IRQHandler                        0x08000707   Thumb Code     0  startup_stm32f10x_md.o(.text)
    USBWakeUp_IRQHandler                     0x08000707   Thumb Code     0  startup_stm32f10x_md.o(.text)
    USB_HP_CAN1_TX_IRQHandler                0x08000707   Thumb Code     0  startup_stm32f10x_md.o(.text)
    USB_LP_CAN1_RX0_IRQHandler               0x08000707   Thumb Code     0  startup_stm32f10x_md.o(.text)
    WWDG_IRQHandler                          0x08000707   Thumb Code     0  startup_stm32f10x_md.o(.text)
    __user_initial_stackheap                 0x08000709   Thumb Code     0  startup_stm32f10x_md.o(.text)
    NVIC_PriorityGroupConfig                 0x0800072d   Thumb Code    10  misc.o(.text)
    NVIC_Init                                0x08000737   Thumb Code   100  misc.o(.text)
    NVIC_SetVectorTable                      0x0800079b   Thumb Code    14  misc.o(.text)
    NVIC_SystemLPConfig                      0x080007a9   Thumb Code    34  misc.o(.text)
    SysTick_CLKSourceConfig                  0x080007cb   Thumb Code    40  misc.o(.text)
    EXTI_DeInit                              0x08000809   Thumb Code    28  stm32f10x_exti.o(.text)
    EXTI_Init                                0x08000825   Thumb Code   142  stm32f10x_exti.o(.text)
    EXTI_StructInit                          0x080008b3   Thumb Code    16  stm32f10x_exti.o(.text)
    EXTI_GenerateSWInterrupt                 0x080008c3   Thumb Code    16  stm32f10x_exti.o(.text)
    EXTI_GetFlagStatus                       0x080008d3   Thumb Code    22  stm32f10x_exti.o(.text)
    EXTI_ClearFlag                           0x080008e9   Thumb Code     8  stm32f10x_exti.o(.text)
    EXTI_GetITStatus                         0x080008f1   Thumb Code    34  stm32f10x_exti.o(.text)
    EXTI_ClearITPendingBit                   0x08000913   Thumb Code     8  stm32f10x_exti.o(.text)
    GPIO_DeInit                              0x08000925   Thumb Code   172  stm32f10x_gpio.o(.text)
    GPIO_AFIODeInit                          0x080009d1   Thumb Code    20  stm32f10x_gpio.o(.text)
    GPIO_Init                                0x080009e5   Thumb Code   278  stm32f10x_gpio.o(.text)
    GPIO_StructInit                          0x08000afb   Thumb Code    16  stm32f10x_gpio.o(.text)
    GPIO_ReadInputDataBit                    0x08000b0b   Thumb Code    18  stm32f10x_gpio.o(.text)
    GPIO_ReadInputData                       0x08000b1d   Thumb Code     8  stm32f10x_gpio.o(.text)
    GPIO_ReadOutputDataBit                   0x08000b25   Thumb Code    18  stm32f10x_gpio.o(.text)
    GPIO_ReadOutputData                      0x08000b37   Thumb Code     8  stm32f10x_gpio.o(.text)
    GPIO_SetBits                             0x08000b3f   Thumb Code     4  stm32f10x_gpio.o(.text)
    GPIO_ResetBits                           0x08000b43   Thumb Code     4  stm32f10x_gpio.o(.text)
    GPIO_WriteBit                            0x08000b47   Thumb Code    10  stm32f10x_gpio.o(.text)
    GPIO_Write                               0x08000b51   Thumb Code     4  stm32f10x_gpio.o(.text)
    GPIO_PinLockConfig                       0x08000b55   Thumb Code    18  stm32f10x_gpio.o(.text)
    GPIO_EventOutputConfig                   0x08000b67   Thumb Code    26  stm32f10x_gpio.o(.text)
    GPIO_EventOutputCmd                      0x08000b81   Thumb Code     6  stm32f10x_gpio.o(.text)
    GPIO_PinRemapConfig                      0x08000b87   Thumb Code   138  stm32f10x_gpio.o(.text)
    GPIO_EXTILineConfig                      0x08000c11   Thumb Code    66  stm32f10x_gpio.o(.text)
    GPIO_ETH_MediaInterfaceConfig            0x08000c53   Thumb Code     8  stm32f10x_gpio.o(.text)
    RCC_DeInit                               0x08000c81   Thumb Code    64  stm32f10x_rcc.o(.text)
    RCC_HSEConfig                            0x08000cc1   Thumb Code    70  stm32f10x_rcc.o(.text)
    RCC_GetFlagStatus                        0x08000d07   Thumb Code    56  stm32f10x_rcc.o(.text)
    RCC_WaitForHSEStartUp                    0x08000d3f   Thumb Code    56  stm32f10x_rcc.o(.text)
    RCC_AdjustHSICalibrationValue            0x08000d77   Thumb Code    20  stm32f10x_rcc.o(.text)
    RCC_HSICmd                               0x08000d8b   Thumb Code     6  stm32f10x_rcc.o(.text)
    RCC_PLLConfig                            0x08000d91   Thumb Code    24  stm32f10x_rcc.o(.text)
    RCC_PLLCmd                               0x08000da9   Thumb Code     6  stm32f10x_rcc.o(.text)
    RCC_SYSCLKConfig                         0x08000daf   Thumb Code    18  stm32f10x_rcc.o(.text)
    RCC_GetSYSCLKSource                      0x08000dc1   Thumb Code    10  stm32f10x_rcc.o(.text)
    RCC_HCLKConfig                           0x08000dcb   Thumb Code    18  stm32f10x_rcc.o(.text)
    RCC_PCLK1Config                          0x08000ddd   Thumb Code    18  stm32f10x_rcc.o(.text)
    RCC_PCLK2Config                          0x08000def   Thumb Code    20  stm32f10x_rcc.o(.text)
    RCC_ITConfig                             0x08000e03   Thumb Code    26  stm32f10x_rcc.o(.text)
    RCC_USBCLKConfig                         0x08000e1d   Thumb Code     8  stm32f10x_rcc.o(.text)
    RCC_ADCCLKConfig                         0x08000e25   Thumb Code    18  stm32f10x_rcc.o(.text)
    RCC_LSEConfig                            0x08000e37   Thumb Code    50  stm32f10x_rcc.o(.text)
    RCC_LSICmd                               0x08000e69   Thumb Code     6  stm32f10x_rcc.o(.text)
    RCC_RTCCLKConfig                         0x08000e6f   Thumb Code    12  stm32f10x_rcc.o(.text)
    RCC_RTCCLKCmd                            0x08000e7b   Thumb Code     8  stm32f10x_rcc.o(.text)
    RCC_GetClocksFreq                        0x08000e83   Thumb Code   192  stm32f10x_rcc.o(.text)
    RCC_AHBPeriphClockCmd                    0x08000f43   Thumb Code    26  stm32f10x_rcc.o(.text)
    RCC_APB2PeriphClockCmd                   0x08000f5d   Thumb Code    26  stm32f10x_rcc.o(.text)
    RCC_APB1PeriphClockCmd                   0x08000f77   Thumb Code    26  stm32f10x_rcc.o(.text)
    RCC_APB2PeriphResetCmd                   0x08000f91   Thumb Code    26  stm32f10x_rcc.o(.text)
    RCC_APB1PeriphResetCmd                   0x08000fab   Thumb Code    26  stm32f10x_rcc.o(.text)
    RCC_BackupResetCmd                       0x08000fc5   Thumb Code     8  stm32f10x_rcc.o(.text)
    RCC_ClockSecuritySystemCmd               0x08000fcd   Thumb Code     6  stm32f10x_rcc.o(.text)
    RCC_MCOConfig                            0x08000fd3   Thumb Code     6  stm32f10x_rcc.o(.text)
    RCC_ClearFlag                            0x08000fd9   Thumb Code    14  stm32f10x_rcc.o(.text)
    RCC_GetITStatus                          0x08000fe7   Thumb Code    20  stm32f10x_rcc.o(.text)
    RCC_ClearITPendingBit                    0x08000ffb   Thumb Code     6  stm32f10x_rcc.o(.text)
    TIM_DeInit                               0x08001025   Thumb Code   424  stm32f10x_tim.o(.text)
    TIM_TimeBaseInit                         0x080011cd   Thumb Code   122  stm32f10x_tim.o(.text)
    TIM_OC1Init                              0x08001247   Thumb Code   132  stm32f10x_tim.o(.text)
    TIM_OC2Init                              0x080012cb   Thumb Code   154  stm32f10x_tim.o(.text)
    TIM_OC3Init                              0x08001365   Thumb Code   150  stm32f10x_tim.o(.text)
    TIM_OC4Init                              0x080013fb   Thumb Code   182  stm32f10x_tim.o(.text)
    TIM_SetIC4Prescaler                      0x080014b1   Thumb Code    26  stm32f10x_tim.o(.text)
    TIM_SetIC3Prescaler                      0x0800154d   Thumb Code    18  stm32f10x_tim.o(.text)
    TIM_SetIC2Prescaler                      0x080015d9   Thumb Code    26  stm32f10x_tim.o(.text)
    TIM_SetIC1Prescaler                      0x08001675   Thumb Code    18  stm32f10x_tim.o(.text)
    TIM_ICInit                               0x080016f3   Thumb Code   150  stm32f10x_tim.o(.text)
    TIM_PWMIConfig                           0x08001789   Thumb Code   124  stm32f10x_tim.o(.text)
    TIM_BDTRConfig                           0x08001805   Thumb Code    32  stm32f10x_tim.o(.text)
    TIM_TimeBaseStructInit                   0x08001825   Thumb Code    18  stm32f10x_tim.o(.text)
    TIM_OCStructInit                         0x08001837   Thumb Code    20  stm32f10x_tim.o(.text)
    TIM_ICStructInit                         0x0800184b   Thumb Code    18  stm32f10x_tim.o(.text)
    TIM_BDTRStructInit                       0x0800185d   Thumb Code    40  stm32f10x_tim.o(.text)
    TIM_Cmd                                  0x08001885   Thumb Code    24  stm32f10x_tim.o(.text)
    TIM_CtrlPWMOutputs                       0x0800189d   Thumb Code    30  stm32f10x_tim.o(.text)
    TIM_ITConfig                             0x080018bb   Thumb Code    18  stm32f10x_tim.o(.text)
    TIM_GenerateEvent                        0x080018cd   Thumb Code     4  stm32f10x_tim.o(.text)
    TIM_DMAConfig                            0x080018d1   Thumb Code    10  stm32f10x_tim.o(.text)
    TIM_DMACmd                               0x080018db   Thumb Code    18  stm32f10x_tim.o(.text)
    TIM_InternalClockConfig                  0x080018ed   Thumb Code    12  stm32f10x_tim.o(.text)
    TIM_SelectInputTrigger                   0x080018f9   Thumb Code    18  stm32f10x_tim.o(.text)
    TIM_ITRxExternalClockConfig              0x0800190b   Thumb Code    24  stm32f10x_tim.o(.text)
    TIM_TIxExternalClockConfig               0x08001923   Thumb Code    62  stm32f10x_tim.o(.text)
    TIM_ETRConfig                            0x08001961   Thumb Code    28  stm32f10x_tim.o(.text)
    TIM_ETRClockMode1Config                  0x0800197d   Thumb Code    54  stm32f10x_tim.o(.text)
    TIM_ETRClockMode2Config                  0x080019b3   Thumb Code    32  stm32f10x_tim.o(.text)
    TIM_PrescalerConfig                      0x080019d3   Thumb Code     6  stm32f10x_tim.o(.text)
    TIM_CounterModeConfig                    0x080019d9   Thumb Code    18  stm32f10x_tim.o(.text)
    TIM_EncoderInterfaceConfig               0x080019eb   Thumb Code    66  stm32f10x_tim.o(.text)
    TIM_ForcedOC1Config                      0x08001a2d   Thumb Code    18  stm32f10x_tim.o(.text)
    TIM_ForcedOC2Config                      0x08001a3f   Thumb Code    26  stm32f10x_tim.o(.text)
    TIM_ForcedOC3Config                      0x08001a59   Thumb Code    18  stm32f10x_tim.o(.text)
    TIM_ForcedOC4Config                      0x08001a6b   Thumb Code    26  stm32f10x_tim.o(.text)
    TIM_ARRPreloadConfig                     0x08001a85   Thumb Code    24  stm32f10x_tim.o(.text)
    TIM_SelectCOM                            0x08001a9d   Thumb Code    24  stm32f10x_tim.o(.text)
    TIM_SelectCCDMA                          0x08001ab5   Thumb Code    24  stm32f10x_tim.o(.text)
    TIM_CCPreloadControl                     0x08001acd   Thumb Code    24  stm32f10x_tim.o(.text)
    TIM_OC1PreloadConfig                     0x08001ae5   Thumb Code    18  stm32f10x_tim.o(.text)
    TIM_OC2PreloadConfig                     0x08001af7   Thumb Code    26  stm32f10x_tim.o(.text)
    TIM_OC3PreloadConfig                     0x08001b11   Thumb Code    18  stm32f10x_tim.o(.text)
    TIM_OC4PreloadConfig                     0x08001b23   Thumb Code    26  stm32f10x_tim.o(.text)
    TIM_OC1FastConfig                        0x08001b3d   Thumb Code    18  stm32f10x_tim.o(.text)
    TIM_OC2FastConfig                        0x08001b4f   Thumb Code    26  stm32f10x_tim.o(.text)
    TIM_OC3FastConfig                        0x08001b69   Thumb Code    18  stm32f10x_tim.o(.text)
    TIM_OC4FastConfig                        0x08001b7b   Thumb Code    26  stm32f10x_tim.o(.text)
    TIM_ClearOC1Ref                          0x08001b95   Thumb Code    18  stm32f10x_tim.o(.text)
    TIM_ClearOC2Ref                          0x08001ba7   Thumb Code    24  stm32f10x_tim.o(.text)
    TIM_ClearOC3Ref                          0x08001bbf   Thumb Code    18  stm32f10x_tim.o(.text)
    TIM_ClearOC4Ref                          0x08001bd1   Thumb Code    24  stm32f10x_tim.o(.text)
    TIM_OC1PolarityConfig                    0x08001be9   Thumb Code    18  stm32f10x_tim.o(.text)
    TIM_OC1NPolarityConfig                   0x08001bfb   Thumb Code    18  stm32f10x_tim.o(.text)
    TIM_OC2PolarityConfig                    0x08001c0d   Thumb Code    26  stm32f10x_tim.o(.text)
    TIM_OC2NPolarityConfig                   0x08001c27   Thumb Code    26  stm32f10x_tim.o(.text)
    TIM_OC3PolarityConfig                    0x08001c41   Thumb Code    26  stm32f10x_tim.o(.text)
    TIM_OC3NPolarityConfig                   0x08001c5b   Thumb Code    26  stm32f10x_tim.o(.text)
    TIM_OC4PolarityConfig                    0x08001c75   Thumb Code    26  stm32f10x_tim.o(.text)
    TIM_CCxCmd                               0x08001c8f   Thumb Code    30  stm32f10x_tim.o(.text)
    TIM_CCxNCmd                              0x08001cad   Thumb Code    30  stm32f10x_tim.o(.text)
    TIM_SelectOCxM                           0x08001ccb   Thumb Code    82  stm32f10x_tim.o(.text)
    TIM_UpdateDisableConfig                  0x08001d1d   Thumb Code    24  stm32f10x_tim.o(.text)
    TIM_UpdateRequestConfig                  0x08001d35   Thumb Code    24  stm32f10x_tim.o(.text)
    TIM_SelectHallSensor                     0x08001d4d   Thumb Code    24  stm32f10x_tim.o(.text)
    TIM_SelectOnePulseMode                   0x08001d65   Thumb Code    18  stm32f10x_tim.o(.text)
    TIM_SelectOutputTrigger                  0x08001d77   Thumb Code    18  stm32f10x_tim.o(.text)
    TIM_SelectSlaveMode                      0x08001d89   Thumb Code    18  stm32f10x_tim.o(.text)
    TIM_SelectMasterSlaveMode                0x08001d9b   Thumb Code    18  stm32f10x_tim.o(.text)
    TIM_SetCounter                           0x08001dad   Thumb Code     4  stm32f10x_tim.o(.text)
    TIM_SetAutoreload                        0x08001db1   Thumb Code     4  stm32f10x_tim.o(.text)
    TIM_SetCompare1                          0x08001db5   Thumb Code     4  stm32f10x_tim.o(.text)
    TIM_SetCompare2                          0x08001db9   Thumb Code     4  stm32f10x_tim.o(.text)
    TIM_SetCompare3                          0x08001dbd   Thumb Code     4  stm32f10x_tim.o(.text)
    TIM_SetCompare4                          0x08001dc1   Thumb Code     6  stm32f10x_tim.o(.text)
    TIM_SetClockDivision                     0x08001dc7   Thumb Code    18  stm32f10x_tim.o(.text)
    TIM_GetCapture1                          0x08001dd9   Thumb Code     6  stm32f10x_tim.o(.text)
    TIM_GetCapture2                          0x08001ddf   Thumb Code     6  stm32f10x_tim.o(.text)
    TIM_GetCapture3                          0x08001de5   Thumb Code     6  stm32f10x_tim.o(.text)
    TIM_GetCapture4                          0x08001deb   Thumb Code     8  stm32f10x_tim.o(.text)
    TIM_GetCounter                           0x08001df3   Thumb Code     6  stm32f10x_tim.o(.text)
    TIM_GetPrescaler                         0x08001df9   Thumb Code     6  stm32f10x_tim.o(.text)
    TIM_GetFlagStatus                        0x08001dff   Thumb Code    18  stm32f10x_tim.o(.text)
    TIM_ClearFlag                            0x08001e11   Thumb Code     6  stm32f10x_tim.o(.text)
    TIM_GetITStatus                          0x08001e17   Thumb Code    34  stm32f10x_tim.o(.text)
    TIM_ClearITPendingBit                    0x08001e39   Thumb Code     6  stm32f10x_tim.o(.text)
    USART_DeInit                             0x08001e41   Thumb Code   134  stm32f10x_usart.o(.text)
    USART_Init                               0x08001ec7   Thumb Code   210  stm32f10x_usart.o(.text)
    USART_StructInit                         0x08001f99   Thumb Code    24  stm32f10x_usart.o(.text)
    USART_ClockInit                          0x08001fb1   Thumb Code    34  stm32f10x_usart.o(.text)
    USART_ClockStructInit                    0x08001fd3   Thumb Code    12  stm32f10x_usart.o(.text)
    USART_Cmd                                0x08001fdf   Thumb Code    24  stm32f10x_usart.o(.text)
    USART_ITConfig                           0x08001ff7   Thumb Code    74  stm32f10x_usart.o(.text)
    USART_DMACmd                             0x08002041   Thumb Code    18  stm32f10x_usart.o(.text)
    USART_SetAddress                         0x08002053   Thumb Code    18  stm32f10x_usart.o(.text)
    USART_WakeUpConfig                       0x08002065   Thumb Code    18  stm32f10x_usart.o(.text)
    USART_ReceiverWakeUpCmd                  0x08002077   Thumb Code    24  stm32f10x_usart.o(.text)
    USART_LINBreakDetectLengthConfig         0x0800208f   Thumb Code    18  stm32f10x_usart.o(.text)
    USART_LINCmd                             0x080020a1   Thumb Code    24  stm32f10x_usart.o(.text)
    USART_SendData                           0x080020b9   Thumb Code     8  stm32f10x_usart.o(.text)
    USART_ReceiveData                        0x080020c1   Thumb Code    10  stm32f10x_usart.o(.text)
    USART_SendBreak                          0x080020cb   Thumb Code    10  stm32f10x_usart.o(.text)
    USART_SetGuardTime                       0x080020d5   Thumb Code    16  stm32f10x_usart.o(.text)
    USART_SetPrescaler                       0x080020e5   Thumb Code    16  stm32f10x_usart.o(.text)
    USART_SmartCardCmd                       0x080020f5   Thumb Code    24  stm32f10x_usart.o(.text)
    USART_SmartCardNACKCmd                   0x0800210d   Thumb Code    24  stm32f10x_usart.o(.text)
    USART_HalfDuplexCmd                      0x08002125   Thumb Code    24  stm32f10x_usart.o(.text)
    USART_OverSampling8Cmd                   0x0800213d   Thumb Code    22  stm32f10x_usart.o(.text)
    USART_OneBitMethodCmd                    0x08002153   Thumb Code    24  stm32f10x_usart.o(.text)
    USART_IrDAConfig                         0x0800216b   Thumb Code    18  stm32f10x_usart.o(.text)
    USART_IrDACmd                            0x0800217d   Thumb Code    24  stm32f10x_usart.o(.text)
    USART_GetFlagStatus                      0x08002195   Thumb Code    26  stm32f10x_usart.o(.text)
    USART_ClearFlag                          0x080021af   Thumb Code    18  stm32f10x_usart.o(.text)
    USART_GetITStatus                        0x080021c1   Thumb Code    84  stm32f10x_usart.o(.text)
    USART_ClearITPendingBit                  0x08002215   Thumb Code    52  stm32f10x_usart.o(.text)
    delay_init                               0x08002249   Thumb Code    50  delay.o(.text)
    delay_us                                 0x0800227b   Thumb Code    72  delay.o(.text)
    delay_ms                                 0x080022c3   Thumb Code    72  delay.o(.text)
    MY_NVIC_SetVectorTable                   0x0800231d   Thumb Code    12  sys.o(.text)
    MY_NVIC_PriorityGroupConfig              0x08002329   Thumb Code    36  sys.o(.text)
    MY_NVIC_Init                             0x0800234d   Thumb Code   116  sys.o(.text)
    Ex_NVIC_Config                           0x080023c1   Thumb Code   146  sys.o(.text)
    MYRCC_DeInit                             0x08002453   Thumb Code    90  sys.o(.text)
    Sys_Standby                              0x080024ad   Thumb Code    68  sys.o(.text)
    Sys_Soft_Reset                           0x080024f1   Thumb Code    12  sys.o(.text)
    JTAG_Set                                 0x080024fd   Thumb Code    42  sys.o(.text)
    Stm32_Clock_Init                         0x08002527   Thumb Code   134  sys.o(.text)
    _sys_exit                                0x080025d9   Thumb Code     4  usart.o(.text)
    fputc                                    0x080025dd   Thumb Code    24  usart.o(.text)
    uart_init                                0x080025f5   Thumb Code   152  usart.o(.text)
    LED_Init                                 0x08002695   Thumb Code    72  led.o(.text)
    KEY_Init                                 0x080026e5   Thumb Code    82  key.o(.text)
    KEY_Scan                                 0x08002737   Thumb Code   154  key.o(.text)
    Key_Set                                  0x080027d1   Thumb Code    94  key.o(.text)
    TIM5_PWM_Init                            0x0800285d   Thumb Code   158  motor.o(.text)
    TIM8_PWM_Init                            0x080028fb   Thumb Code   178  motor.o(.text)
    Encoder_Init_TIM3                        0x080029bd   Thumb Code   148  encoder.o(.text)
    Encoder_Init_TIM4                        0x08002a51   Thumb Code   148  encoder.o(.text)
    Read_Encoder                             0x08002ae5   Thumb Code    56  encoder.o(.text)
    TIM4_IRQHandler                          0x08002b1d   Thumb Code    24  encoder.o(.text)
    TIM3_IRQHandler                          0x08002b35   Thumb Code    24  encoder.o(.text)
    IIC_Init                                 0x08002b5d   Thumb Code    40  ioi2c.o(.text)
    IIC_Start                                0x08002b85   Thumb Code    96  ioi2c.o(.text)
    IIC_Stop                                 0x08002be5   Thumb Code    68  ioi2c.o(.text)
    IIC_Wait_Ack                             0x08002c29   Thumb Code    96  ioi2c.o(.text)
    IIC_Ack                                  0x08002c89   Thumb Code    72  ioi2c.o(.text)
    IIC_NAck                                 0x08002cd1   Thumb Code    70  ioi2c.o(.text)
    IIC_Send_Byte                            0x08002d17   Thumb Code    94  ioi2c.o(.text)
    i2cWrite                                 0x08002d75   Thumb Code    96  ioi2c.o(.text)
    IIC_Read_Byte                            0x08002dd5   Thumb Code   104  ioi2c.o(.text)
    i2cRead                                  0x08002e3d   Thumb Code   118  ioi2c.o(.text)
    I2C_ReadOneByte                          0x08002eb3   Thumb Code    70  ioi2c.o(.text)
    IICreadBytes                             0x08002ef9   Thumb Code   112  ioi2c.o(.text)
    IICwriteBytes                            0x08002f69   Thumb Code    70  ioi2c.o(.text)
    IICreadByte                              0x08002faf   Thumb Code    22  ioi2c.o(.text)
    IICwriteByte                             0x08002fc5   Thumb Code    20  ioi2c.o(.text)
    IICwriteBits                             0x08002fd9   Thumb Code   106  ioi2c.o(.text)
    IICwriteBit                              0x08003043   Thumb Code    64  ioi2c.o(.text)
    MiniBalance_EXTI_Init                    0x08003085   Thumb Code   104  exti.o(.text)
    I2C_Start                                0x080030f1   Thumb Code    44  oled.o(.text)
    I2C_Stop                                 0x0800311d   Thumb Code    34  oled.o(.text)
    I2C_Wait_Ack                             0x0800313f   Thumb Code    24  oled.o(.text)
    Write_I2C_Byte                           0x08003157   Thumb Code    88  oled.o(.text)
    Write_I2C_Command                        0x080031af   Thumb Code    44  oled.o(.text)
    Write_I2C_Data                           0x080031db   Thumb Code    44  oled.o(.text)
    OLED_WR_Byte                             0x08003207   Thumb Code    24  oled.o(.text)
    fill_picture                             0x0800321f   Thumb Code    64  oled.o(.text)
    Delay_50ms                               0x0800325f   Thumb Code    22  oled.o(.text)
    Delay_1ms                                0x08003275   Thumb Code    26  oled.o(.text)
    OLED_Set_Pos                             0x0800328f   Thumb Code    40  oled.o(.text)
    OLED_Display_On                          0x080032b7   Thumb Code    28  oled.o(.text)
    OLED_Display_Off                         0x080032d3   Thumb Code    28  oled.o(.text)
    OLED_Clear                               0x080032ef   Thumb Code    64  oled.o(.text)
    OLED_On                                  0x0800332f   Thumb Code    62  oled.o(.text)
    OLED_ShowChar                            0x0800336d   Thumb Code   154  oled.o(.text)
    oled_pow                                 0x08003407   Thumb Code    22  oled.o(.text)
    OLED_ShowNum                             0x0800341d   Thumb Code   136  oled.o(.text)
    OLED_ShowString                          0x080034a5   Thumb Code    72  oled.o(.text)
    OLED_ShowCHinese                         0x080034ed   Thumb Code    98  oled.o(.text)
    OLED_DrawBMP                             0x0800354f   Thumb Code   118  oled.o(.text)
    OLED_Init                                0x080035c5   Thumb Code   272  oled.o(.text)
    HC06_Init                                0x080036dd   Thumb Code   166  hc06.o(.text)
    USART3_IRQHandler                        0x08003783   Thumb Code    36  hc06.o(.text)
    Bluetooth_reception_control              0x080037a7   Thumb Code   196  hc06.o(.text)
    balance                                  0x08003899   Thumb Code    62  control.o(.text)
    velocity                                 0x080038d7   Thumb Code   220  control.o(.text)
    Turn                                     0x080039b3   Thumb Code    74  control.o(.text)
    myabs                                    0x080039fd   Thumb Code    14  control.o(.text)
    Set_Pwm                                  0x08003a0b   Thumb Code   132  control.o(.text)
    Turn_Off                                 0x08003a8f   Thumb Code    66  control.o(.text)
    Xianfu_Pwm                               0x08003ad1   Thumb Code    62  control.o(.text)
    Get_Angle                                0x08003b0f   Thumb Code    98  control.o(.text)
    EXTI9_5_IRQHandler                       0x08003b71   Thumb Code   234  control.o(.text)
    Pick_Up                                  0x08003c5b   Thumb Code   394  control.o(.text)
    mpu_reg_dump                             0x08003e8b   Thumb Code    72  inv_mpu.o(.text)
    mpu_read_reg                             0x08003ed3   Thumb Code    66  inv_mpu.o(.text)
    mpu_set_int_latched                      0x08003f15   Thumb Code   102  inv_mpu.o(.text)
    mpu_set_sensors                          0x08003f7b   Thumb Code   202  inv_mpu.o(.text)
    mpu_set_bypass                           0x08004045   Thumb Code   328  inv_mpu.o(.text)
    mpu_reset_fifo                           0x0800418d   Thumb Code   444  inv_mpu.o(.text)
    mpu_configure_fifo                       0x08004349   Thumb Code   106  inv_mpu.o(.text)
    mpu_set_lpf                              0x080043b3   Thumb Code   126  inv_mpu.o(.text)
    mpu_lp_accel_mode                        0x08004431   Thumb Code   218  inv_mpu.o(.text)
    mpu_set_sample_rate                      0x0800450b   Thumb Code   152  inv_mpu.o(.text)
    mpu_set_accel_fsr                        0x080045a3   Thumb Code   132  inv_mpu.o(.text)
    mpu_set_gyro_fsr                         0x08004627   Thumb Code   132  inv_mpu.o(.text)
    mpu_init                                 0x080046ab   Thumb Code   416  inv_mpu.o(.text)
    myget_ms                                 0x0800484b   Thumb Code     2  inv_mpu.o(.text)
    mpu_get_gyro_reg                         0x0800484d   Thumb Code   110  inv_mpu.o(.text)
    mpu_get_accel_reg                        0x080048bb   Thumb Code   110  inv_mpu.o(.text)
    mpu_get_temperature                      0x08004929   Thumb Code   150  inv_mpu.o(.text)
    mpu_set_accel_bias                       0x080049bf   Thumb Code   468  inv_mpu.o(.text)
    mpu_get_gyro_fsr                         0x08004b93   Thumb Code    64  inv_mpu.o(.text)
    mpu_get_accel_fsr                        0x08004bd3   Thumb Code    72  inv_mpu.o(.text)
    mpu_get_lpf                              0x08004c1b   Thumb Code    74  inv_mpu.o(.text)
    mpu_get_sample_rate                      0x08004c65   Thumb Code    26  inv_mpu.o(.text)
    mpu_get_compass_sample_rate              0x08004c7f   Thumb Code    10  inv_mpu.o(.text)
    mpu_set_compass_sample_rate              0x08004c89   Thumb Code     8  inv_mpu.o(.text)
    mpu_get_gyro_sens                        0x08004c91   Thumb Code    58  inv_mpu.o(.text)
    mpu_get_accel_sens                       0x08004ccb   Thumb Code    78  inv_mpu.o(.text)
    mpu_get_fifo_config                      0x08004d19   Thumb Code    12  inv_mpu.o(.text)
    mpu_get_power_state                      0x08004d25   Thumb Code    22  inv_mpu.o(.text)
    mpu_get_int_status                       0x08004d3b   Thumb Code    64  inv_mpu.o(.text)
    mpu_read_fifo                            0x08004d7b   Thumb Code   520  inv_mpu.o(.text)
    mpu_read_fifo_stream                     0x08004f83   Thumb Code   186  inv_mpu.o(.text)
    mpu_set_int_level                        0x0800503d   Thumb Code    12  inv_mpu.o(.text)
    mpu_set_dmp_state                        0x0800571b   Thumb Code   138  inv_mpu.o(.text)
    mpu_run_self_test                        0x080057a5   Thumb Code   278  inv_mpu.o(.text)
    mpu_write_mem                            0x080058bb   Thumb Code   122  inv_mpu.o(.text)
    mpu_read_mem                             0x08005935   Thumb Code   122  inv_mpu.o(.text)
    mpu_load_firmware                        0x080059af   Thumb Code   192  inv_mpu.o(.text)
    mpu_get_dmp_state                        0x08005a6f   Thumb Code    14  inv_mpu.o(.text)
    mpu_get_compass_reg                      0x08005a7d   Thumb Code     8  inv_mpu.o(.text)
    mpu_get_compass_fsr                      0x08005a85   Thumb Code     8  inv_mpu.o(.text)
    mpu_lp_motion_interrupt                  0x08005a8d   Thumb Code   512  inv_mpu.o(.text)
    dmp_load_motion_driver_firmware          0x08005c91   Thumb Code    20  inv_mpu_dmp_motion_driver.o(.text)
    dmp_set_orientation                      0x08005ca5   Thumb Code   290  inv_mpu_dmp_motion_driver.o(.text)
    dmp_set_gyro_bias                        0x08005dc7   Thumb Code   294  inv_mpu_dmp_motion_driver.o(.text)
    dmp_set_accel_bias                       0x08005eed   Thumb Code   300  inv_mpu_dmp_motion_driver.o(.text)
    dmp_set_fifo_rate                        0x08006019   Thumb Code   136  inv_mpu_dmp_motion_driver.o(.text)
    dmp_get_fifo_rate                        0x080060a1   Thumb Code    12  inv_mpu_dmp_motion_driver.o(.text)
    dmp_set_tap_thresh                       0x080060ad   Thumb Code   396  inv_mpu_dmp_motion_driver.o(.text)
    dmp_set_tap_axes                         0x08006239   Thumb Code    70  inv_mpu_dmp_motion_driver.o(.text)
    dmp_set_tap_count                        0x0800627f   Thumb Code    38  inv_mpu_dmp_motion_driver.o(.text)
    dmp_set_tap_time                         0x080062a5   Thumb Code    38  inv_mpu_dmp_motion_driver.o(.text)
    dmp_set_tap_time_multi                   0x080062cb   Thumb Code    38  inv_mpu_dmp_motion_driver.o(.text)
    dmp_set_shake_reject_thresh              0x080062f1   Thumb Code    56  inv_mpu_dmp_motion_driver.o(.text)
    dmp_set_shake_reject_time                0x08006329   Thumb Code    38  inv_mpu_dmp_motion_driver.o(.text)
    dmp_set_shake_reject_timeout             0x0800634f   Thumb Code    38  inv_mpu_dmp_motion_driver.o(.text)
    dmp_get_pedometer_step_count             0x08006375   Thumb Code    66  inv_mpu_dmp_motion_driver.o(.text)
    dmp_set_pedometer_step_count             0x080063b7   Thumb Code    42  inv_mpu_dmp_motion_driver.o(.text)
    dmp_get_pedometer_walk_time              0x080063e1   Thumb Code    72  inv_mpu_dmp_motion_driver.o(.text)
    dmp_set_pedometer_walk_time              0x08006429   Thumb Code    48  inv_mpu_dmp_motion_driver.o(.text)
    dmp_enable_6x_lp_quat                    0x08006459   Thumb Code    84  inv_mpu_dmp_motion_driver.o(.text)
    dmp_enable_lp_quat                       0x080064ad   Thumb Code    60  inv_mpu_dmp_motion_driver.o(.text)
    dmp_enable_gyro_cal                      0x080064e9   Thumb Code    62  inv_mpu_dmp_motion_driver.o(.text)
    dmp_enable_feature                       0x08006527   Thumb Code   530  inv_mpu_dmp_motion_driver.o(.text)
    dmp_get_enabled_features                 0x08006739   Thumb Code    12  inv_mpu_dmp_motion_driver.o(.text)
    dmp_set_interrupt_mode                   0x080067a3   Thumb Code    66  inv_mpu_dmp_motion_driver.o(.text)
    dmp_read_fifo                            0x080067e5   Thumb Code   514  inv_mpu_dmp_motion_driver.o(.text)
    dmp_register_tap_cb                      0x080069e7   Thumb Code    10  inv_mpu_dmp_motion_driver.o(.text)
    dmp_register_android_orient_cb           0x080069f1   Thumb Code    10  inv_mpu_dmp_motion_driver.o(.text)
    MPU6050_newValues                        0x08006b0d   Thumb Code   494  mpu6050.o(.text)
    MPU6050_setClockSource                   0x08006cfb   Thumb Code    20  mpu6050.o(.text)
    MPU6050_setFullScaleGyroRange            0x08006d0f   Thumb Code    20  mpu6050.o(.text)
    MPU6050_setFullScaleAccelRange           0x08006d23   Thumb Code    20  mpu6050.o(.text)
    MPU6050_setSleepEnabled                  0x08006d37   Thumb Code    18  mpu6050.o(.text)
    MPU6050_getDeviceID                      0x08006d49   Thumb Code    20  mpu6050.o(.text)
    MPU6050_testConnection                   0x08006d5d   Thumb Code    18  mpu6050.o(.text)
    MPU6050_setI2CMasterModeEnabled          0x08006d6f   Thumb Code    18  mpu6050.o(.text)
    MPU6050_setI2CBypassEnabled              0x08006d81   Thumb Code    18  mpu6050.o(.text)
    MPU6050_initialize                       0x08006d93   Thumb Code    40  mpu6050.o(.text)
    DMP_Init                                 0x08006dbb   Thumb Code   194  mpu6050.o(.text)
    Read_DMP                                 0x08006e7d   Thumb Code   966  mpu6050.o(.text)
    Read_Temperature                         0x08007243   Thumb Code   110  mpu6050.o(.text)
    __use_no_semihosting                     0x080072e1   Thumb Code     2  use_no_semi_2.o(.text)
    __aeabi_ldivmod                          0x080072e3   Thumb Code     0  llsdiv.o(.text)
    _ll_sdiv                                 0x080072e3   Thumb Code    72  llsdiv.o(.text)
    __2printf                                0x0800732d   Thumb Code    20  noretval__2printf.o(.text)
    __2sprintf                               0x08007345   Thumb Code    34  noretval__2sprintf.o(.text)
    _printf_int_dec                          0x0800736d   Thumb Code   104  _printf_dec.o(.text)
    __printf                                 0x080073e5   Thumb Code   270  __printf_wp.o(.text)
    memcmp                                   0x080074f3   Thumb Code    88  memcmp.o(.text)
    __aeabi_memset                           0x0800754b   Thumb Code    16  aeabi_memset.o(.text)
    __use_two_region_memory                  0x0800755b   Thumb Code     2  heapauxi.o(.text)
    __rt_heap_escrow$2region                 0x0800755d   Thumb Code     2  heapauxi.o(.text)
    __rt_heap_expand$2region                 0x0800755f   Thumb Code     2  heapauxi.o(.text)
    __I$use$semihosting                      0x08007561   Thumb Code     0  use_no_semi.o(.text)
    __use_no_semihosting_swi                 0x08007561   Thumb Code     2  use_no_semi.o(.text)
    __aeabi_uldivmod                         0x08007563   Thumb Code     0  lludivv7m.o(.text)
    _ll_udiv                                 0x08007563   Thumb Code   238  lludivv7m.o(.text)
    __read_errno                             0x08007651   Thumb Code    10  _rserrno.o(.text)
    __set_errno                              0x0800765b   Thumb Code    12  _rserrno.o(.text)
    _printf_int_common                       0x08007667   Thumb Code   178  _printf_intcommon.o(.text)
    __lib_sel_fp_printf                      0x08007719   Thumb Code     2  _printf_fp_dec.o(.text)
    _printf_fp_dec_real                      0x080078cb   Thumb Code   620  _printf_fp_dec.o(.text)
    _printf_char_common                      0x08007b43   Thumb Code    32  _printf_char_common.o(.text)
    _sputc                                   0x08007b69   Thumb Code    10  _sputc.o(.text)
    _printf_char_file                        0x08007b75   Thumb Code    32  _printf_char_file.o(.text)
    __aeabi_memclr                           0x08007b99   Thumb Code     0  rt_memclr.o(.text)
    __rt_memclr                              0x08007b99   Thumb Code    68  rt_memclr.o(.text)
    _memset                                  0x08007b9d   Thumb Code     0  rt_memclr.o(.text)
    __rt_locale                              0x08007bdd   Thumb Code     8  rt_locale_intlibspace.o(.text)
    __aeabi_errno_addr                       0x08007be5   Thumb Code     8  rt_errno_addr_intlibspace.o(.text)
    __errno$intlibspace                      0x08007be5   Thumb Code     0  rt_errno_addr_intlibspace.o(.text)
    __rt_errno_addr$intlibspace              0x08007be5   Thumb Code     0  rt_errno_addr_intlibspace.o(.text)
    _ll_udiv10                               0x08007bed   Thumb Code   138  lludiv10.o(.text)
    _printf_fp_infnan                        0x08007c79   Thumb Code   112  _printf_fp_infnan.o(.text)
    _btod_etento                             0x08007cf9   Thumb Code   224  bigflt0.o(.text)
    ferror                                   0x08007ddd   Thumb Code     8  ferror.o(.text)
    __aeabi_memclr4                          0x08007de5   Thumb Code     0  rt_memclr_w.o(.text)
    __aeabi_memclr8                          0x08007de5   Thumb Code     0  rt_memclr_w.o(.text)
    __rt_memclr_w                            0x08007de5   Thumb Code    78  rt_memclr_w.o(.text)
    _memset_w                                0x08007de9   Thumb Code     0  rt_memclr_w.o(.text)
    __user_libspace                          0x08007e35   Thumb Code     8  libspace.o(.text)
    __user_perproc_libspace                  0x08007e35   Thumb Code     0  libspace.o(.text)
    __user_perthread_libspace                0x08007e35   Thumb Code     0  libspace.o(.text)
    __user_setup_stackheap                   0x08007e3d   Thumb Code    74  sys_stackheap_outer.o(.text)
    exit                                     0x08007e87   Thumb Code    18  exit.o(.text)
    strcmp                                   0x08007e99   Thumb Code   128  strcmpv7m.o(.text)
    _btod_d2e                                0x08007f19   Thumb Code    62  btod.o(CL$$btod_d2e)
    _d2e_denorm_low                          0x08007f57   Thumb Code    70  btod.o(CL$$btod_d2e_denorm_low)
    _d2e_norm_op1                            0x08007f9d   Thumb Code    96  btod.o(CL$$btod_d2e_norm_op1)
    __btod_div_common                        0x08007ffd   Thumb Code   696  btod.o(CL$$btod_div_common)
    _e2e                                     0x08008335   Thumb Code   220  btod.o(CL$$btod_e2e)
    _btod_ediv                               0x08008411   Thumb Code    42  btod.o(CL$$btod_ediv)
    _btod_emul                               0x0800843b   Thumb Code    42  btod.o(CL$$btod_emul)
    __btod_mult_common                       0x08008465   Thumb Code   580  btod.o(CL$$btod_mult_common)
    __ARM_fpclassify                         0x080086a9   Thumb Code    40  fpclassify.o(i.__ARM_fpclassify)
    __kernel_poly                            0x080086d1   Thumb Code   170  poly.o(i.__kernel_poly)
    __mathlib_dbl_infnan                     0x0800877b   Thumb Code     6  dunder.o(i.__mathlib_dbl_infnan)
    __mathlib_dbl_infnan2                    0x08008781   Thumb Code     4  dunder.o(i.__mathlib_dbl_infnan2)
    __mathlib_dbl_invalid                    0x08008785   Thumb Code    12  dunder.o(i.__mathlib_dbl_invalid)
    __mathlib_dbl_underflow                  0x08008791   Thumb Code    10  dunder.o(i.__mathlib_dbl_underflow)
    _is_digit                                0x080087a1   Thumb Code    14  __printf_wp.o(i._is_digit)
    asin                                     0x080087b1   Thumb Code   572  asin.o(i.asin)
    atan                                     0x08008a21   Thumb Code   474  atan.o(i.atan)
    atan2                                    0x08008c41   Thumb Code   374  atan2.o(i.atan2)
    sqrt                                     0x08008ddd   Thumb Code    76  sqrt.o(i.sqrt)
    _get_lc_numeric                          0x08008e29   Thumb Code    44  lc_numeric_c.o(locale$$code)
    __aeabi_d2f                              0x08008e55   Thumb Code     0  d2f.o(x$fpl$d2f)
    _d2f                                     0x08008e55   Thumb Code    98  d2f.o(x$fpl$d2f)
    __aeabi_dadd                             0x08008eb9   Thumb Code     0  daddsub_clz.o(x$fpl$dadd)
    _dadd                                    0x08008eb9   Thumb Code   332  daddsub_clz.o(x$fpl$dadd)
    __fpl_dcheck_NaN1                        0x08009009   Thumb Code    10  dcheck1.o(x$fpl$dcheck1)
    __fpl_dcmp_Inf                           0x08009019   Thumb Code    24  dcmpi.o(x$fpl$dcmpinf)
    __aeabi_ddiv                             0x08009031   Thumb Code     0  ddiv.o(x$fpl$ddiv)
    _ddiv                                    0x08009031   Thumb Code   552  ddiv.o(x$fpl$ddiv)
    __aeabi_cdcmpeq                          0x080092e1   Thumb Code     0  deqf.o(x$fpl$deqf)
    _dcmpeq                                  0x080092e1   Thumb Code   120  deqf.o(x$fpl$deqf)
    __aeabi_dmul                             0x08009359   Thumb Code     0  dmul.o(x$fpl$dmul)
    _dmul                                    0x08009359   Thumb Code   332  dmul.o(x$fpl$dmul)
    __fpl_dnaninf                            0x080094ad   Thumb Code   156  dnaninf.o(x$fpl$dnaninf)
    __fpl_dretinf                            0x08009549   Thumb Code    12  dretinf.o(x$fpl$dretinf)
    __aeabi_drsub                            0x08009555   Thumb Code     0  daddsub_clz.o(x$fpl$drsb)
    _drsb                                    0x08009555   Thumb Code    22  daddsub_clz.o(x$fpl$drsb)
    _dsqrt                                   0x0800956d   Thumb Code   456  dsqrt_noumaal.o(x$fpl$dsqrt)
    __aeabi_dsub                             0x08009739   Thumb Code     0  daddsub_clz.o(x$fpl$dsub)
    _dsub                                    0x08009739   Thumb Code   464  daddsub_clz.o(x$fpl$dsub)
    __aeabi_f2d                              0x0800990d   Thumb Code     0  f2d.o(x$fpl$f2d)
    _f2d                                     0x0800990d   Thumb Code    86  f2d.o(x$fpl$f2d)
    __aeabi_fadd                             0x08009965   Thumb Code     0  faddsub_clz.o(x$fpl$fadd)
    _fadd                                    0x08009965   Thumb Code   196  faddsub_clz.o(x$fpl$fadd)
    __fpl_fcmp_Inf                           0x08009a29   Thumb Code    24  fcmpi.o(x$fpl$fcmpinf)
    __aeabi_fdiv                             0x08009a41   Thumb Code     0  fdiv.o(x$fpl$fdiv)
    _fdiv                                    0x08009a41   Thumb Code   384  fdiv.o(x$fpl$fdiv)
    __aeabi_cfcmpeq                          0x08009bc5   Thumb Code     0  feqf.o(x$fpl$feqf)
    _fcmpeq                                  0x08009bc5   Thumb Code   104  feqf.o(x$fpl$feqf)
    __aeabi_f2iz                             0x08009c2d   Thumb Code     0  ffix.o(x$fpl$ffix)
    _ffix                                    0x08009c2d   Thumb Code    54  ffix.o(x$fpl$ffix)
    __aeabi_f2uiz                            0x08009c65   Thumb Code     0  ffixu.o(x$fpl$ffixu)
    _ffixu                                   0x08009c65   Thumb Code    62  ffixu.o(x$fpl$ffixu)
    __aeabi_i2f                              0x08009ca5   Thumb Code     0  fflt_clz.o(x$fpl$fflt)
    _fflt                                    0x08009ca5   Thumb Code    48  fflt_clz.o(x$fpl$fflt)
    __aeabi_ui2f                             0x08009cd5   Thumb Code     0  fflt_clz.o(x$fpl$ffltu)
    _ffltu                                   0x08009cd5   Thumb Code    38  fflt_clz.o(x$fpl$ffltu)
    __aeabi_cfcmple                          0x08009cfd   Thumb Code     0  fleqf.o(x$fpl$fleqf)
    _fcmple                                  0x08009cfd   Thumb Code   104  fleqf.o(x$fpl$fleqf)
    __fpl_fcmple_InfNaN                      0x08009d4f   Thumb Code     0  fleqf.o(x$fpl$fleqf)
    __aeabi_fmul                             0x08009d65   Thumb Code     0  fmul.o(x$fpl$fmul)
    _fmul                                    0x08009d65   Thumb Code   258  fmul.o(x$fpl$fmul)
    __fpl_fnaninf                            0x08009e67   Thumb Code   140  fnaninf.o(x$fpl$fnaninf)
    __fpl_fretinf                            0x08009ef3   Thumb Code    10  fretinf.o(x$fpl$fretinf)
    __aeabi_cfrcmple                         0x08009efd   Thumb Code     0  frleqf.o(x$fpl$frleqf)
    _frcmple                                 0x08009efd   Thumb Code    98  frleqf.o(x$fpl$frleqf)
    __aeabi_fsub                             0x08009f61   Thumb Code     0  faddsub_clz.o(x$fpl$fsub)
    _fsub                                    0x08009f61   Thumb Code   234  faddsub_clz.o(x$fpl$fsub)
    _printf_fp_dec                           0x0800a04b   Thumb Code     4  printf1.o(x$fpl$printf1)
    __fpl_return_NaN                         0x0800a04f   Thumb Code   100  retnan.o(x$fpl$retnan)
    __ARM_scalbn                             0x0800a0b3   Thumb Code    92  scalbn.o(x$fpl$scalbn)
    __fpl_cmpreturn                          0x0800a10f   Thumb Code    48  trapv.o(x$fpl$trapveneer)
    F6x8                                     0x0800a13e   Data         552  oled.o(.constdata)
    __I$use$fp                               0x0800a13e   Number         0  usenofp.o(x$fpl$usenofp)
    F8X16                                    0x0800a366   Data        1520  oled.o(.constdata)
    hw                                       0x0800a958   Data          12  inv_mpu.o(.constdata)
    reg                                      0x0800a964   Data          27  inv_mpu.o(.constdata)
    test                                     0x0800a980   Data          40  inv_mpu.o(.constdata)
    __mathlib_zero                           0x0800b688   Data           8  qnan.o(.constdata)
    Region$$Table$$Base                      0x0800b774   Number         0  anon$$obj.o(Region$$Table)
    Region$$Table$$Limit                     0x0800b794   Number         0  anon$$obj.o(Region$$Table)
    SystemCoreClock                          0x20000000   Data           4  system_stm32f10x.o(.data)
    AHBPrescTable                            0x20000004   Data          16  system_stm32f10x.o(.data)
    Encoder_Left                             0x20000014   Data           4  minibalance.o(.data)
    Encoder_Right                            0x20000018   Data           4  minibalance.o(.data)
    Moto1                                    0x2000001c   Data           4  minibalance.o(.data)
    Moto2                                    0x20000020   Data           4  minibalance.o(.data)
    PWM1                                     0x20000024   Data           4  minibalance.o(.data)
    PWM2                                     0x20000028   Data           4  minibalance.o(.data)
    Angle_Balance                            0x2000002c   Data           4  minibalance.o(.data)
    Gyro_Balance                             0x20000030   Data           4  minibalance.o(.data)
    Gyro_Turn                                0x20000034   Data           4  minibalance.o(.data)
    Angle_Turn                               0x20000038   Data           4  minibalance.o(.data)
    Acceleration_Z                           0x2000003c   Data           4  minibalance.o(.data)
    Gyro_Z                                   0x20000040   Data           4  minibalance.o(.data)
    Kzp                                      0x20000044   Data           4  minibalance.o(.data)
    Kzd                                      0x20000048   Data           4  minibalance.o(.data)
    Ksp                                      0x2000004c   Data           4  minibalance.o(.data)
    Ksi                                      0x20000050   Data           4  minibalance.o(.data)
    Ktp                                      0x20000054   Data           4  minibalance.o(.data)
    Ktd                                      0x20000058   Data           4  minibalance.o(.data)
    Yaw_target                               0x2000005c   Data           4  minibalance.o(.data)
    Target_Velocity                          0x20000060   Data           4  minibalance.o(.data)
    __stdout                                 0x2000007c   Data           4  usart.o(.data)
    Hzk                                      0x20000081   Data         384  oled.o(.data)
    res                                      0x20000201   Data           1  hc06.o(.data)
    Balance_Pwm                              0x20000204   Data           4  control.o(.data)
    Velocity_Pwm                             0x20000208   Data           4  control.o(.data)
    Turn_Pwm                                 0x2000020c   Data           4  control.o(.data)
    Flag_Target                              0x20000210   Data           1  control.o(.data)
    gyro                                     0x20000258   Data           6  mpu6050.o(.data)
    accel                                    0x2000025e   Data           6  mpu6050.o(.data)
    sensors                                  0x20000264   Data           2  mpu6050.o(.data)
    Pitch                                    0x20000268   Data           4  mpu6050.o(.data)
    Roll                                     0x2000026c   Data           4  mpu6050.o(.data)
    Yaw                                      0x20000270   Data           4  mpu6050.o(.data)
    q0                                       0x20000274   Data           4  mpu6050.o(.data)
    q1                                       0x20000278   Data           4  mpu6050.o(.data)
    q2                                       0x2000027c   Data           4  mpu6050.o(.data)
    q3                                       0x20000280   Data           4  mpu6050.o(.data)
    Gx_offset                                0x2000028e   Data           2  mpu6050.o(.data)
    Gy_offset                                0x20000290   Data           2  mpu6050.o(.data)
    Gz_offset                                0x20000292   Data           2  mpu6050.o(.data)
    buffer                                   0x200002a4   Data          14  mpu6050.o(.bss)
    MPU6050_FIFO                             0x200002b2   Data         132  mpu6050.o(.bss)
    __libspace_start                         0x20000338   Data          96  libspace.o(.bss)
    __temporary_stack_top$libspace           0x20000398   Data           0  libspace.o(.bss)



==============================================================================

Memory Map of the image

  Image Entry point : 0x080000ed

  Load Region LR_IROM1 (Base: 0x08000000, Size: 0x0000ba44, Max: 0x00040000, ABSOLUTE, COMPRESSED[0x0000b894])

    Execution Region ER_IROM1 (Exec base: 0x08000000, Load base: 0x08000000, Size: 0x0000b7b0, Max: 0x00040000, ABSOLUTE)

    Exec Addr    Load Addr    Size         Type   Attr      Idx    E Section Name        Object

    0x08000000   0x08000000   0x000000ec   Data   RO          303    RESET               startup_stm32f10x_md.o
    0x080000ec   0x080000ec   0x00000008   Code   RO          939  * !!!main             c_w.l(__main.o)
    0x080000f4   0x080000f4   0x00000034   Code   RO         1311    !!!scatter          c_w.l(__scatter.o)
    0x08000128   0x08000128   0x0000005a   Code   RO         1309    !!dczerorl2         c_w.l(__dczerorl2.o)
    0x08000182   0x08000182   0x00000002   PAD
    0x08000184   0x08000184   0x0000001c   Code   RO         1313    !!handler_zi        c_w.l(__scatter_zi.o)
    0x080001a0   0x080001a0   0x00000000   Code   RO          932    .ARM.Collect$$_printf_percent$$00000000  c_w.l(_printf_percent.o)
    0x080001a0   0x080001a0   0x00000006   Code   RO          931    .ARM.Collect$$_printf_percent$$00000003  c_w.l(_printf_f.o)
    0x080001a6   0x080001a6   0x00000006   Code   RO          930    .ARM.Collect$$_printf_percent$$00000009  c_w.l(_printf_d.o)
    0x080001ac   0x080001ac   0x00000004   Code   RO         1022    .ARM.Collect$$_printf_percent$$00000017  c_w.l(_printf_percent_end.o)
    0x080001b0   0x080001b0   0x00000002   Code   RO         1176    .ARM.Collect$$libinit$$00000000  c_w.l(libinit.o)
    0x080001b2   0x080001b2   0x00000000   Code   RO         1178    .ARM.Collect$$libinit$$00000002  c_w.l(libinit2.o)
    0x080001b2   0x080001b2   0x00000000   Code   RO         1180    .ARM.Collect$$libinit$$00000004  c_w.l(libinit2.o)
    0x080001b2   0x080001b2   0x00000000   Code   RO         1183    .ARM.Collect$$libinit$$0000000A  c_w.l(libinit2.o)
    0x080001b2   0x080001b2   0x00000000   Code   RO         1185    .ARM.Collect$$libinit$$0000000C  c_w.l(libinit2.o)
    0x080001b2   0x080001b2   0x00000000   Code   RO         1187    .ARM.Collect$$libinit$$0000000E  c_w.l(libinit2.o)
    0x080001b2   0x080001b2   0x00000006   Code   RO         1188    .ARM.Collect$$libinit$$0000000F  c_w.l(libinit2.o)
    0x080001b8   0x080001b8   0x00000000   Code   RO         1190    .ARM.Collect$$libinit$$00000011  c_w.l(libinit2.o)
    0x080001b8   0x080001b8   0x00000000   Code   RO         1192    .ARM.Collect$$libinit$$00000013  c_w.l(libinit2.o)
    0x080001b8   0x080001b8   0x00000000   Code   RO         1194    .ARM.Collect$$libinit$$00000015  c_w.l(libinit2.o)
    0x080001b8   0x080001b8   0x0000000a   Code   RO         1195    .ARM.Collect$$libinit$$00000016  c_w.l(libinit2.o)
    0x080001c2   0x080001c2   0x00000000   Code   RO         1196    .ARM.Collect$$libinit$$00000017  c_w.l(libinit2.o)
    0x080001c2   0x080001c2   0x00000000   Code   RO         1198    .ARM.Collect$$libinit$$00000019  c_w.l(libinit2.o)
    0x080001c2   0x080001c2   0x00000000   Code   RO         1200    .ARM.Collect$$libinit$$0000001B  c_w.l(libinit2.o)
    0x080001c2   0x080001c2   0x00000000   Code   RO         1202    .ARM.Collect$$libinit$$0000001D  c_w.l(libinit2.o)
    0x080001c2   0x080001c2   0x00000000   Code   RO         1204    .ARM.Collect$$libinit$$0000001F  c_w.l(libinit2.o)
    0x080001c2   0x080001c2   0x00000000   Code   RO         1206    .ARM.Collect$$libinit$$00000021  c_w.l(libinit2.o)
    0x080001c2   0x080001c2   0x00000000   Code   RO         1208    .ARM.Collect$$libinit$$00000023  c_w.l(libinit2.o)
    0x080001c2   0x080001c2   0x00000000   Code   RO         1210    .ARM.Collect$$libinit$$00000025  c_w.l(libinit2.o)
    0x080001c2   0x080001c2   0x00000000   Code   RO         1214    .ARM.Collect$$libinit$$0000002C  c_w.l(libinit2.o)
    0x080001c2   0x080001c2   0x00000000   Code   RO         1216    .ARM.Collect$$libinit$$0000002E  c_w.l(libinit2.o)
    0x080001c2   0x080001c2   0x00000000   Code   RO         1218    .ARM.Collect$$libinit$$00000030  c_w.l(libinit2.o)
    0x080001c2   0x080001c2   0x00000000   Code   RO         1220    .ARM.Collect$$libinit$$00000032  c_w.l(libinit2.o)
    0x080001c2   0x080001c2   0x00000002   Code   RO         1221    .ARM.Collect$$libinit$$00000033  c_w.l(libinit2.o)
    0x080001c4   0x080001c4   0x00000002   Code   RO         1267    .ARM.Collect$$libshutdown$$00000000  c_w.l(libshutdown.o)
    0x080001c6   0x080001c6   0x00000000   Code   RO         1276    .ARM.Collect$$libshutdown$$00000002  c_w.l(libshutdown2.o)
    0x080001c6   0x080001c6   0x00000000   Code   RO         1278    .ARM.Collect$$libshutdown$$00000004  c_w.l(libshutdown2.o)
    0x080001c6   0x080001c6   0x00000000   Code   RO         1280    .ARM.Collect$$libshutdown$$00000006  c_w.l(libshutdown2.o)
    0x080001c6   0x080001c6   0x00000000   Code   RO         1283    .ARM.Collect$$libshutdown$$00000009  c_w.l(libshutdown2.o)
    0x080001c6   0x080001c6   0x00000000   Code   RO         1286    .ARM.Collect$$libshutdown$$0000000C  c_w.l(libshutdown2.o)
    0x080001c6   0x080001c6   0x00000000   Code   RO         1288    .ARM.Collect$$libshutdown$$0000000E  c_w.l(libshutdown2.o)
    0x080001c6   0x080001c6   0x00000000   Code   RO         1291    .ARM.Collect$$libshutdown$$00000011  c_w.l(libshutdown2.o)
    0x080001c6   0x080001c6   0x00000002   Code   RO         1292    .ARM.Collect$$libshutdown$$00000012  c_w.l(libshutdown2.o)
    0x080001c8   0x080001c8   0x00000000   Code   RO         1007    .ARM.Collect$$rtentry$$00000000  c_w.l(__rtentry.o)
    0x080001c8   0x080001c8   0x00000000   Code   RO         1082    .ARM.Collect$$rtentry$$00000002  c_w.l(__rtentry2.o)
    0x080001c8   0x080001c8   0x00000006   Code   RO         1094    .ARM.Collect$$rtentry$$00000004  c_w.l(__rtentry4.o)
    0x080001ce   0x080001ce   0x00000000   Code   RO         1084    .ARM.Collect$$rtentry$$00000009  c_w.l(__rtentry2.o)
    0x080001ce   0x080001ce   0x00000004   Code   RO         1085    .ARM.Collect$$rtentry$$0000000A  c_w.l(__rtentry2.o)
    0x080001d2   0x080001d2   0x00000000   Code   RO         1087    .ARM.Collect$$rtentry$$0000000C  c_w.l(__rtentry2.o)
    0x080001d2   0x080001d2   0x00000008   Code   RO         1088    .ARM.Collect$$rtentry$$0000000D  c_w.l(__rtentry2.o)
    0x080001da   0x080001da   0x00000002   Code   RO         1224    .ARM.Collect$$rtexit$$00000000  c_w.l(rtexit.o)
    0x080001dc   0x080001dc   0x00000000   Code   RO         1237    .ARM.Collect$$rtexit$$00000002  c_w.l(rtexit2.o)
    0x080001dc   0x080001dc   0x00000004   Code   RO         1238    .ARM.Collect$$rtexit$$00000003  c_w.l(rtexit2.o)
    0x080001e0   0x080001e0   0x00000006   Code   RO         1239    .ARM.Collect$$rtexit$$00000004  c_w.l(rtexit2.o)
    0x080001e6   0x080001e6   0x00000002   PAD
    0x080001e8   0x080001e8   0x0000000c   Code   RO          656    .emb_text           sys.o
    0x080001f4   0x080001f4   0x0000001a   Code   RO            1    .text               stm32f10x_it.o
    0x0800020e   0x0800020e   0x00000002   PAD
    0x08000210   0x08000210   0x000001e0   Code   RO          104    .text               system_stm32f10x.o
    0x080003f0   0x080003f0   0x000002fc   Code   RO          122    .text               minibalance.o
    0x080006ec   0x080006ec   0x00000040   Code   RO          304    .text               startup_stm32f10x_md.o
    0x0800072c   0x0800072c   0x000000dc   Code   RO          308    .text               misc.o
    0x08000808   0x08000808   0x0000011c   Code   RO          442    .text               stm32f10x_exti.o
    0x08000924   0x08000924   0x0000035c   Code   RO          478    .text               stm32f10x_gpio.o
    0x08000c80   0x08000c80   0x000003a4   Code   RO          526    .text               stm32f10x_rcc.o
    0x08001024   0x08001024   0x00000e1a   Code   RO          576    .text               stm32f10x_tim.o
    0x08001e3e   0x08001e3e   0x00000002   PAD
    0x08001e40   0x08001e40   0x00000408   Code   RO          588    .text               stm32f10x_usart.o
    0x08002248   0x08002248   0x000000d4   Code   RO          612    .text               delay.o
    0x0800231c   0x0800231c   0x000002bc   Code   RO          657    .text               sys.o
    0x080025d8   0x080025d8   0x000000bc   Code   RO          672    .text               usart.o
    0x08002694   0x08002694   0x00000050   Code   RO          691    .text               led.o
    0x080026e4   0x080026e4   0x00000178   Code   RO          703    .text               key.o
    0x0800285c   0x0800285c   0x00000160   Code   RO          716    .text               motor.o
    0x080029bc   0x080029bc   0x000001a0   Code   RO          728    .text               encoder.o
    0x08002b5c   0x08002b5c   0x00000526   Code   RO          740    .text               ioi2c.o
    0x08003082   0x08003082   0x00000002   PAD
    0x08003084   0x08003084   0x0000006c   Code   RO          752    .text               exti.o
    0x080030f0   0x080030f0   0x000005ec   Code   RO          767    .text               oled.o
    0x080036dc   0x080036dc   0x000001bc   Code   RO          796    .text               hc06.o
    0x08003898   0x08003898   0x00000568   Code   RO          811    .text               control.o
    0x08003e00   0x08003e00   0x00001e90   Code   RO          829    .text               inv_mpu.o
    0x08005c90   0x08005c90   0x00000d70   Code   RO          853    .text               inv_mpu_dmp_motion_driver.o
    0x08006a00   0x08006a00   0x000008e0   Code   RO          868    .text               mpu6050.o
    0x080072e0   0x080072e0   0x00000002   Code   RO          894    .text               c_w.l(use_no_semi_2.o)
    0x080072e2   0x080072e2   0x00000048   Code   RO          896    .text               c_w.l(llsdiv.o)
    0x0800732a   0x0800732a   0x00000002   PAD
    0x0800732c   0x0800732c   0x00000018   Code   RO          902    .text               c_w.l(noretval__2printf.o)
    0x08007344   0x08007344   0x00000028   Code   RO          904    .text               c_w.l(noretval__2sprintf.o)
    0x0800736c   0x0800736c   0x00000078   Code   RO          908    .text               c_w.l(_printf_dec.o)
    0x080073e4   0x080073e4   0x0000010e   Code   RO          918    .text               c_w.l(__printf_wp.o)
    0x080074f2   0x080074f2   0x00000058   Code   RO          933    .text               c_w.l(memcmp.o)
    0x0800754a   0x0800754a   0x00000010   Code   RO          935    .text               c_w.l(aeabi_memset.o)
    0x0800755a   0x0800755a   0x00000006   Code   RO          937    .text               c_w.l(heapauxi.o)
    0x08007560   0x08007560   0x00000002   Code   RO         1005    .text               c_w.l(use_no_semi.o)
    0x08007562   0x08007562   0x000000ee   Code   RO         1008    .text               c_w.l(lludivv7m.o)
    0x08007650   0x08007650   0x00000016   Code   RO         1010    .text               c_w.l(_rserrno.o)
    0x08007666   0x08007666   0x000000b2   Code   RO         1012    .text               c_w.l(_printf_intcommon.o)
    0x08007718   0x08007718   0x0000041e   Code   RO         1014    .text               c_w.l(_printf_fp_dec.o)
    0x08007b36   0x08007b36   0x00000002   PAD
    0x08007b38   0x08007b38   0x00000030   Code   RO         1016    .text               c_w.l(_printf_char_common.o)
    0x08007b68   0x08007b68   0x0000000a   Code   RO         1018    .text               c_w.l(_sputc.o)
    0x08007b72   0x08007b72   0x00000002   PAD
    0x08007b74   0x08007b74   0x00000024   Code   RO         1020    .text               c_w.l(_printf_char_file.o)
    0x08007b98   0x08007b98   0x00000044   Code   RO         1023    .text               c_w.l(rt_memclr.o)
    0x08007bdc   0x08007bdc   0x00000008   Code   RO         1103    .text               c_w.l(rt_locale_intlibspace.o)
    0x08007be4   0x08007be4   0x00000008   Code   RO         1108    .text               c_w.l(rt_errno_addr_intlibspace.o)
    0x08007bec   0x08007bec   0x0000008a   Code   RO         1110    .text               c_w.l(lludiv10.o)
    0x08007c76   0x08007c76   0x00000002   PAD
    0x08007c78   0x08007c78   0x00000080   Code   RO         1112    .text               c_w.l(_printf_fp_infnan.o)
    0x08007cf8   0x08007cf8   0x000000e4   Code   RO         1116    .text               c_w.l(bigflt0.o)
    0x08007ddc   0x08007ddc   0x00000008   Code   RO         1141    .text               c_w.l(ferror.o)
    0x08007de4   0x08007de4   0x0000004e   Code   RO         1148    .text               c_w.l(rt_memclr_w.o)
    0x08007e32   0x08007e32   0x00000002   PAD
    0x08007e34   0x08007e34   0x00000008   Code   RO         1160    .text               c_w.l(libspace.o)
    0x08007e3c   0x08007e3c   0x0000004a   Code   RO         1163    .text               c_w.l(sys_stackheap_outer.o)
    0x08007e86   0x08007e86   0x00000012   Code   RO         1167    .text               c_w.l(exit.o)
    0x08007e98   0x08007e98   0x00000080   Code   RO         1169    .text               c_w.l(strcmpv7m.o)
    0x08007f18   0x08007f18   0x0000003e   Code   RO         1119    CL$$btod_d2e        c_w.l(btod.o)
    0x08007f56   0x08007f56   0x00000046   Code   RO         1121    CL$$btod_d2e_denorm_low  c_w.l(btod.o)
    0x08007f9c   0x08007f9c   0x00000060   Code   RO         1120    CL$$btod_d2e_norm_op1  c_w.l(btod.o)
    0x08007ffc   0x08007ffc   0x00000338   Code   RO         1129    CL$$btod_div_common  c_w.l(btod.o)
    0x08008334   0x08008334   0x000000dc   Code   RO         1126    CL$$btod_e2e        c_w.l(btod.o)
    0x08008410   0x08008410   0x0000002a   Code   RO         1123    CL$$btod_ediv       c_w.l(btod.o)
    0x0800843a   0x0800843a   0x0000002a   Code   RO         1122    CL$$btod_emul       c_w.l(btod.o)
    0x08008464   0x08008464   0x00000244   Code   RO         1128    CL$$btod_mult_common  c_w.l(btod.o)
    0x080086a8   0x080086a8   0x00000028   Code   RO         1068    i.__ARM_fpclassify  m_ws.l(fpclassify.o)
    0x080086d0   0x080086d0   0x000000aa   Code   RO         1070    i.__kernel_poly     m_ws.l(poly.o)
    0x0800877a   0x0800877a   0x00000006   Code   RO         1055    i.__mathlib_dbl_infnan  m_ws.l(dunder.o)
    0x08008780   0x08008780   0x00000004   Code   RO         1056    i.__mathlib_dbl_infnan2  m_ws.l(dunder.o)
    0x08008784   0x08008784   0x0000000c   Code   RO         1057    i.__mathlib_dbl_invalid  m_ws.l(dunder.o)
    0x08008790   0x08008790   0x00000010   Code   RO         1060    i.__mathlib_dbl_underflow  m_ws.l(dunder.o)
    0x080087a0   0x080087a0   0x0000000e   Code   RO          920    i._is_digit         c_w.l(__printf_wp.o)
    0x080087ae   0x080087ae   0x00000002   PAD
    0x080087b0   0x080087b0   0x00000270   Code   RO          988    i.asin              m_ws.l(asin.o)
    0x08008a20   0x08008a20   0x00000220   Code   RO         1045    i.atan              m_ws.l(atan.o)
    0x08008c40   0x08008c40   0x0000019c   Code   RO          998    i.atan2             m_ws.l(atan2.o)
    0x08008ddc   0x08008ddc   0x0000004c   Code   RO         1074    i.sqrt              m_ws.l(sqrt.o)
    0x08008e28   0x08008e28   0x0000002c   Code   RO         1146    locale$$code        c_w.l(lc_numeric_c.o)
    0x08008e54   0x08008e54   0x00000062   Code   RO          941    x$fpl$d2f           fz_ws.l(d2f.o)
    0x08008eb6   0x08008eb6   0x00000002   PAD
    0x08008eb8   0x08008eb8   0x00000150   Code   RO          943    x$fpl$dadd          fz_ws.l(daddsub_clz.o)
    0x08009008   0x08009008   0x00000010   Code   RO         1150    x$fpl$dcheck1       fz_ws.l(dcheck1.o)
    0x08009018   0x08009018   0x00000018   Code   RO         1152    x$fpl$dcmpinf       fz_ws.l(dcmpi.o)
    0x08009030   0x08009030   0x000002b0   Code   RO         1026    x$fpl$ddiv          fz_ws.l(ddiv.o)
    0x080092e0   0x080092e0   0x00000078   Code   RO         1029    x$fpl$deqf          fz_ws.l(deqf.o)
    0x08009358   0x08009358   0x00000154   Code   RO          949    x$fpl$dmul          fz_ws.l(dmul.o)
    0x080094ac   0x080094ac   0x0000009c   Code   RO         1031    x$fpl$dnaninf       fz_ws.l(dnaninf.o)
    0x08009548   0x08009548   0x0000000c   Code   RO         1033    x$fpl$dretinf       fz_ws.l(dretinf.o)
    0x08009554   0x08009554   0x00000016   Code   RO          944    x$fpl$drsb          fz_ws.l(daddsub_clz.o)
    0x0800956a   0x0800956a   0x00000002   PAD
    0x0800956c   0x0800956c   0x000001cc   Code   RO         1156    x$fpl$dsqrt         fz_ws.l(dsqrt_noumaal.o)
    0x08009738   0x08009738   0x000001d4   Code   RO          945    x$fpl$dsub          fz_ws.l(daddsub_clz.o)
    0x0800990c   0x0800990c   0x00000056   Code   RO          951    x$fpl$f2d           fz_ws.l(f2d.o)
    0x08009962   0x08009962   0x00000002   PAD
    0x08009964   0x08009964   0x000000c4   Code   RO          953    x$fpl$fadd          fz_ws.l(faddsub_clz.o)
    0x08009a28   0x08009a28   0x00000018   Code   RO         1035    x$fpl$fcmpinf       fz_ws.l(fcmpi.o)
    0x08009a40   0x08009a40   0x00000184   Code   RO          960    x$fpl$fdiv          fz_ws.l(fdiv.o)
    0x08009bc4   0x08009bc4   0x00000068   Code   RO          963    x$fpl$feqf          fz_ws.l(feqf.o)
    0x08009c2c   0x08009c2c   0x00000036   Code   RO          965    x$fpl$ffix          fz_ws.l(ffix.o)
    0x08009c62   0x08009c62   0x00000002   PAD
    0x08009c64   0x08009c64   0x0000003e   Code   RO          969    x$fpl$ffixu         fz_ws.l(ffixu.o)
    0x08009ca2   0x08009ca2   0x00000002   PAD
    0x08009ca4   0x08009ca4   0x00000030   Code   RO          974    x$fpl$fflt          fz_ws.l(fflt_clz.o)
    0x08009cd4   0x08009cd4   0x00000026   Code   RO          973    x$fpl$ffltu         fz_ws.l(fflt_clz.o)
    0x08009cfa   0x08009cfa   0x00000002   PAD
    0x08009cfc   0x08009cfc   0x00000068   Code   RO          979    x$fpl$fleqf         fz_ws.l(fleqf.o)
    0x08009d64   0x08009d64   0x00000102   Code   RO          981    x$fpl$fmul          fz_ws.l(fmul.o)
    0x08009e66   0x08009e66   0x0000008c   Code   RO         1037    x$fpl$fnaninf       fz_ws.l(fnaninf.o)
    0x08009ef2   0x08009ef2   0x0000000a   Code   RO         1039    x$fpl$fretinf       fz_ws.l(fretinf.o)
    0x08009efc   0x08009efc   0x00000062   Code   RO          983    x$fpl$frleqf        fz_ws.l(frleqf.o)
    0x08009f5e   0x08009f5e   0x00000002   PAD
    0x08009f60   0x08009f60   0x000000ea   Code   RO          955    x$fpl$fsub          fz_ws.l(faddsub_clz.o)
    0x0800a04a   0x0800a04a   0x00000004   Code   RO          985    x$fpl$printf1       fz_ws.l(printf1.o)
    0x0800a04e   0x0800a04e   0x00000064   Code   RO         1222    x$fpl$retnan        fz_ws.l(retnan.o)
    0x0800a0b2   0x0800a0b2   0x0000005c   Code   RO         1041    x$fpl$scalbn        fz_ws.l(scalbn.o)
    0x0800a10e   0x0800a10e   0x00000030   Code   RO         1234    x$fpl$trapveneer    fz_ws.l(trapv.o)
    0x0800a13e   0x0800a13e   0x00000000   Code   RO         1043    x$fpl$usenofp       fz_ws.l(usenofp.o)
    0x0800a13e   0x0800a13e   0x00000818   Data   RO          768    .constdata          oled.o
    0x0800a956   0x0800a956   0x00000002   PAD
    0x0800a958   0x0800a958   0x00000050   Data   RO          830    .constdata          inv_mpu.o
    0x0800a9a8   0x0800a9a8   0x00000bf6   Data   RO          855    .constdata          inv_mpu_dmp_motion_driver.o
    0x0800b59e   0x0800b59e   0x00000002   PAD
    0x0800b5a0   0x0800b5a0   0x00000050   Data   RO          989    .constdata          m_ws.l(asin.o)
    0x0800b5f0   0x0800b5f0   0x00000098   Data   RO         1046    .constdata          m_ws.l(atan.o)
    0x0800b688   0x0800b688   0x00000008   Data   RO         1072    .constdata          m_ws.l(qnan.o)
    0x0800b690   0x0800b690   0x00000094   Data   RO         1117    .constdata          c_w.l(bigflt0.o)
    0x0800b724   0x0800b724   0x0000004e   Data   RO          831    .conststring        inv_mpu.o
    0x0800b772   0x0800b772   0x00000002   PAD
    0x0800b774   0x0800b774   0x00000020   Data   RO         1307    Region$$Table       anon$$obj.o
    0x0800b794   0x0800b794   0x0000001c   Data   RO         1145    locale$$data        c_w.l(lc_numeric_c.o)


    Execution Region RW_IRAM1 (Exec base: 0x20000000, Load base: 0x0800b7b0, Size: 0x00000998, Max: 0x0000c000, ABSOLUTE, COMPRESSED[0x000000e4])

    Exec Addr    Load Addr    Size         Type   Attr      Idx    E Section Name        Object

    0x20000000   COMPRESSED   0x00000014   Data   RW          105    .data               system_stm32f10x.o
    0x20000014   COMPRESSED   0x00000050   Data   RW          123    .data               minibalance.o
    0x20000064   COMPRESSED   0x00000014   Data   RW          527    .data               stm32f10x_rcc.o
    0x20000078   COMPRESSED   0x00000004   Data   RW          613    .data               delay.o
    0x2000007c   COMPRESSED   0x00000004   Data   RW          673    .data               usart.o
    0x20000080   COMPRESSED   0x00000001   Data   RW          704    .data               key.o
    0x20000081   COMPRESSED   0x00000180   Data   RW          769    .data               oled.o
    0x20000201   COMPRESSED   0x00000001   Data   RW          797    .data               hc06.o
    0x20000202   COMPRESSED   0x00000002   PAD
    0x20000204   COMPRESSED   0x00000028   Data   RW          812    .data               control.o
    0x2000022c   COMPRESSED   0x0000002c   Data   RW          832    .data               inv_mpu.o
    0x20000258   COMPRESSED   0x0000003c   Data   RW          870    .data               mpu6050.o
    0x20000294        -       0x00000010   Zero   RW          854    .bss                inv_mpu_dmp_motion_driver.o
    0x200002a4        -       0x00000092   Zero   RW          869    .bss                mpu6050.o
    0x20000336   COMPRESSED   0x00000002   PAD
    0x20000338        -       0x00000060   Zero   RW         1161    .bss                c_w.l(libspace.o)
    0x20000398        -       0x00000200   Zero   RW          302    HEAP                startup_stm32f10x_md.o
    0x20000598        -       0x00000400   Zero   RW          301    STACK               startup_stm32f10x_md.o


==============================================================================

Image component sizes


      Code (inc. data)   RO Data    RW Data    ZI Data      Debug   Object Name

      1384        216          0         40          0       3655   control.o
         0          0          0          0          0         32   core_cm3.o
       212         18          0          4          0     208075   delay.o
       416         16          0          0          0       1539   encoder.o
       108          4          0          0          0        652   exti.o
       444         46          0          1          0       1432   hc06.o
      7824        174        158         44          0      21655   inv_mpu.o
      3440        126       3062          0         16      15163   inv_mpu_dmp_motion_driver.o
      1318         12          0          0          0       5870   ioi2c.o
       376         46          0          1          0       1040   key.o
        80          8          0          0          0        531   led.o
       764        274          0         80          0     239423   minibalance.o
       220         22          0          0          0     208813   misc.o
       352         16          0          0          0       1218   motor.o
      2272        454          0         60        146      20994   mpu6050.o
      1516         22       2072        384          0       7011   oled.o
        64         26        236          0       1536        812   startup_stm32f10x_md.o
       284         10          0          0          0       2271   stm32f10x_exti.o
       860         38          0          0          0       5745   stm32f10x_gpio.o
        26          0          0          0          0      49266   stm32f10x_it.o
       932         36          0         20          0       8932   stm32f10x_rcc.o
      3610         88          0          0          0      22856   stm32f10x_tim.o
      1032         22          0          0          0       8472   stm32f10x_usart.o
       712         44          0          0          0       2835   sys.o
       480         38          0         20          0       1755   system_stm32f10x.o
       188          8          0          4          0       2894   usart.o

    ----------------------------------------------------------------------
     28920       1764       5566        660       1700     842941   Object Totals
         0          0         32          0          0          0   (incl. Generated)
         6          0          6          2          2          0   (incl. Padding)

    ----------------------------------------------------------------------

      Code (inc. data)   RO Data    RW Data    ZI Data      Debug   Library Member Name

        90          0          0          0          0          0   __dczerorl2.o
         8          0          0          0          0         68   __main.o
       284          0          0          0          0        156   __printf_wp.o
         0          0          0          0          0          0   __rtentry.o
        12          0          0          0          0          0   __rtentry2.o
         6          0          0          0          0          0   __rtentry4.o
        52          8          0          0          0          0   __scatter.o
        28          0          0          0          0          0   __scatter_zi.o
        48          6          0          0          0         96   _printf_char_common.o
        36          4          0          0          0         80   _printf_char_file.o
         6          0          0          0          0          0   _printf_d.o
       120         16          0          0          0         92   _printf_dec.o
         6          0          0          0          0          0   _printf_f.o
      1054          0          0          0          0        216   _printf_fp_dec.o
       128         16          0          0          0         84   _printf_fp_infnan.o
       178          0          0          0          0         88   _printf_intcommon.o
         0          0          0          0          0          0   _printf_percent.o
         4          0          0          0          0          0   _printf_percent_end.o
        22          0          0          0          0        100   _rserrno.o
        10          0          0          0          0         68   _sputc.o
        16          0          0          0          0         68   aeabi_memset.o
       228          4        148          0          0         96   bigflt0.o
      1936        128          0          0          0        672   btod.o
        18          0          0          0          0         80   exit.o
         8          0          0          0          0         68   ferror.o
         6          0          0          0          0        152   heapauxi.o
        44         10         28          0          0         76   lc_numeric_c.o
         2          0          0          0          0          0   libinit.o
        18          0          0          0          0          0   libinit2.o
         2          0          0          0          0          0   libshutdown.o
         2          0          0          0          0          0   libshutdown2.o
         8          4          0          0         96         68   libspace.o
        72          0          0          0          0         76   llsdiv.o
       138          0          0          0          0         80   lludiv10.o
       238          0          0          0          0        100   lludivv7m.o
        88          0          0          0          0         76   memcmp.o
        24          4          0          0          0         84   noretval__2printf.o
        40          6          0          0          0         84   noretval__2sprintf.o
         8          4          0          0          0         68   rt_errno_addr_intlibspace.o
         8          4          0          0          0         68   rt_locale_intlibspace.o
        68          0          0          0          0         68   rt_memclr.o
        78          0          0          0          0         80   rt_memclr_w.o
         2          0          0          0          0          0   rtexit.o
        10          0          0          0          0          0   rtexit2.o
       128          0          0          0          0         68   strcmpv7m.o
        74          0          0          0          0         80   sys_stackheap_outer.o
         2          0          0          0          0         68   use_no_semi.o
         2          0          0          0          0         68   use_no_semi_2.o
        98          4          0          0          0         92   d2f.o
       826         16          0          0          0        348   daddsub_clz.o
        16          4          0          0          0         68   dcheck1.o
        24          0          0          0          0         68   dcmpi.o
       688        140          0          0          0        208   ddiv.o
       120          4          0          0          0         92   deqf.o
       340         12          0          0          0        104   dmul.o
       156          4          0          0          0         92   dnaninf.o
        12          0          0          0          0         68   dretinf.o
       460         56          0          0          0        120   dsqrt_noumaal.o
        86          4          0          0          0         84   f2d.o
       430          8          0          0          0        168   faddsub_clz.o
        24          0          0          0          0         68   fcmpi.o
       388         76          0          0          0         96   fdiv.o
       104          4          0          0          0         84   feqf.o
        54          4          0          0          0         84   ffix.o
        62          4          0          0          0         84   ffixu.o
        86          0          0          0          0        136   fflt_clz.o
       104          4          0          0          0         84   fleqf.o
       258          4          0          0          0         84   fmul.o
       140          4          0          0          0         84   fnaninf.o
        10          0          0          0          0         68   fretinf.o
        98          0          0          0          0         68   frleqf.o
         4          0          0          0          0         68   printf1.o
       100          0          0          0          0         68   retnan.o
        92          0          0          0          0         68   scalbn.o
        48          0          0          0          0         68   trapv.o
         0          0          0          0          0          0   usenofp.o
       624         52         80          0          0        168   asin.o
       544         70        152          0          0        124   atan.o
       412         38          0          0          0        144   atan2.o
        38          6          0          0          0        272   dunder.o
        40          0          0          0          0         68   fpclassify.o
       170          0          0          0          0         96   poly.o
         0          0          8          0          0          0   qnan.o
        76          0          0          0          0         84   sqrt.o

    ----------------------------------------------------------------------
     12122        732        416          0         96       7076   Library Totals
        30          0          0          0          0          0   (incl. Padding)

    ----------------------------------------------------------------------

      Code (inc. data)   RO Data    RW Data    ZI Data      Debug   Library Name

      5360        214        176          0         96       3396   c_w.l
      4828        352          0          0          0       2724   fz_ws.l
      1904        166        240          0          0        956   m_ws.l

    ----------------------------------------------------------------------
     12122        732        416          0         96       7076   Library Totals

    ----------------------------------------------------------------------

==============================================================================


      Code (inc. data)   RO Data    RW Data    ZI Data      Debug   

     41042       2496       5982        660       1796     843721   Grand Totals
     41042       2496       5982        228       1796     843721   ELF Image Totals (compressed)
     41042       2496       5982        228          0          0   ROM Totals

==============================================================================

    Total RO  Size (Code + RO Data)                47024 (  45.92kB)
    Total RW  Size (RW Data + ZI Data)              2456 (   2.40kB)
    Total ROM Size (Code + RO Data + RW Data)      47252 (  46.14kB)

==============================================================================

